2c2
<  Mazer  Wholesale P.O.  Box  8312 CHERRY  HILL,  NJ   08034 (800)343-0780 info@mazerwholesale.com http://www.mazerwholesale.com
---
> Mazer WholesaleP.O. Box 8312CHERRY HILL, NJ  08034(800)343-0780info@mazerwholesale.comhttp://www.mazerwholesale.com
4,7c4,7
<   Order VENDOR ACHIM   IMPORTING  CO 58   SECOND  AVENUE BROOKLYN,  NY   11215 SHIP  TO Maurice   Nurse 1024  Gilbert   Court  Iowa  city   IA  52240 P.O.  NO.
< 5106 DATE 07/01/2016
<    ACTIVITY QTY RATE AMOUNT 431:2364Luna  Woodtone 2364  Luna  Woodtone 1 7.01 7.01 431:2764Luna  Woodtone 2764  Luna  Woodton 2 8.23 16.46 431:3264Luna  Woodtone 3264  Luna  Woodtone 1 9.75 9.75 431:4864Luna  Woodtone 48x64Luna   Woodtone,  2"  Vinyl   Blind 2 16.09 32.18 431:3964LUNA 39   X  64   LUNA  Mahogany  2"  BLIND 1
< 13.07 13.07 431:6064 60x64  WHT  MINI  BLIND 4 8.35 33.40
---
>   OrderVENDORACHIM  IMPORTING CO58  SECOND AVENUEBROOKLYN, NY  11215SHIP TOMaurice  Nurse1024 Gilbert  Court Iowa city  IA 52240P.O. NO.
> 5106DATE07/01/2016
>   ACTIVITYQTYRATEAMOUNT431:2364Luna Woodtone2364 Luna  Woodtone17.017.01431:2764Luna Woodtone2764 Luna  Woodton28.2316.46431:3264Luna Woodtone3264 Luna  Woodtone19.759.75431:4864Luna Woodtone48x64Luna  Woodtone, 2" Vinyl  Blind216.0932.18431:3964LUNA39  X 64  LUNA  Mahogany 2" BLIND1
> 13.0713.07431:606460x64 WHT  MINI BLIND48.3533.40
9c9
<   TOTAL $111.87 Approved  By Date
\ No newline at end of file
---
>  TOTAL$111.87Approved ByDate
\ No newline at end of file