5,6c5,6
< Não, porque dentro das localidades não é obrigatório sinalizar a mudança de direcção.
< b) Sim, se a sua intenção for seguir em direcção à EXPO 98.
---
> Não, porque dentro das localidades não éobrigatório sinalizar a mudança de direcção.
> b) Sim, se a sua intenção for seguir em direcção àEXPO 98.
13,14c13,14
< a) O meu veículo, o motociclo, o automóvel ligeiro e por último o veículo de tracção animal.
< b) O automóvel ligeiro, o meu veículo, o motociclo e por último o veículo de tracção animal.
---
> a) O meu veículo, o motociclo, o automóvel ligeiro e por útimo o veículo de tracção animal.
> b) O automóvel ligeiro, o meu veículo, o motociclo e por útimo o veículo de tracção animal.
23c23
< c) Antes do veículo de tracção animal, mas depois do motociclo.
---
> c) Antes do veíulo de tracção animal, mas depois do motociclo.
30,31c30,31
< b) O meu veículo em primeiro lugar seguido da ambulância e em último lugar o veículo de tracção animal.
< c) A ambulância em primeiro lugar, seguido do veículo de tracção animal e o meu veículo em último lugar.
---
> b) O meu veíulo em primeiro lugar seguido da ambulâcia e em último lugar o veíulo de tracção animal.
> c) A ambulância em primeiro lugar, seguido do veíulo de tracção animal e o meu veíulo em último lugar.
36c36
< Quando devo avançar?a)
---
> Quando devo avançr?a)
44c44
< Nesta situação, qual deve ser o primeiro veículo a avançar?a)
---
> Nesta situação, qual deve ser o primeiro veíulo a avançr?a)
46c46
< b) O veículo de tracção animal.
---
> b) O veíulo de tracção animal.
60c60
< Quem deve avançar em primeiro lugar nesta intersecção?
---
> Quem deve avançr em primeiro lugar nesta intersecção?
62c62
< b) O condutor do veículo dos bombeiros.
---
> b) O condutor do veíulo dos bombeiros.