
----------------------------------- UNSTREAMED #1

<< 
/Creator (Canon )
/CreationDate (D:20160809084121-03'00')
/Producer ( )
>> 

----------------------------------- UNSTREAMED #2

<< 
/Pages 3 0 R 
/Type /Catalog 
>> 

----------------------------------- FONT #6

<< 
/Type /Font 
/Subtype /Type1 
/BaseFont /Helvetica 
/Encoding /WinAnsiEncoding 
>> 

----------------------------------- UNRECOGNIZED #7 :
(\Bradesco é presença em soluções deprodutos e sêÍviços paÉ o Poder Público.
Ànpr'a' OCÂq'Í
C" &)065'O
EBÍadesco
bradescopoderpublico.com.br



----------------------------------- UNSTREAMED #8

141 

----------------------------------- UNRECOGNIZED #9 :
% CANON_PFINF_TYPE0_TEXTON



----------------------------------- UNRECOGNIZED #10 :
q
293.04 0 0 364.32 0.00 0.00 cm
/Obj4 Do
Q



----------------------------------- UNSTREAMED #3

<< 
/Kids [ 11 0 R ] 
/Count 1 
/Type /Pages 
>> 

----------------------------------- MISSING OBJECT #9 for page #1

----------------------------------- MISSING OBJECT #10 for page #1

----------------------------------- TEXT #5 (size = 1138 bytes, new size = 1131 bytes)
BT
3 Tr
0.00 Tc
/F3 12.0 Tf
1 0 0 1 47.52 338.04 Tm
<285C427261646573636F20> Tj
/F3 10.0 Tf
1 0 0 1 109.44 336.24 Tm
<E920> Tj
/F3 11.0 Tf
1 0 0 1 118.44 337.32 Tm
<70726573656EE76120> Tj
/F3 10.5 Tf
1 0 0 1 167.76 336.24 Tm
<656D20> Tj
/F3 11.0 Tf
1 0 0 1 185.76 336.24 Tm
<736F6C75E7F5657320> Tj
1 0 0 1 233.64 336.60 Tm
<6465> Tj
/F3 11.5 Tf
1 0 0 1 43.20 324.72 Tm
<70726F6475746F7320> Tj
/F3 10.0 Tf
1 0 0 1 92.16 323.28 Tm
<6520> Tj
/F3 11.0 Tf
1 0 0 1 101.16 323.28 Tm
<73EACD7669E76F7320> Tj
/F3 12.0 Tf
1 0 0 1 146.16 324.72 Tm
<7061C920> Tj
/F3 11.0 Tf
1 0 0 1 171.72 323.64 Tm
<6F20> Tj
/F3 10.5 Tf
1 0 0 1 181.44 323.64 Tm
<506F64657220> Tj
1 0 0 1 213.48 323.64 Tm
<50FA626C69636F2E> Tj
0.00 Tc
/F3 27.0 Tf
1 0 0 1 55.08 231.12 Tm
<C06E707227612720> Tj
/F3 22.0 Tf
1 0 0 1 146.16 240.84 Tm
<4F43C27127CD> Tj
0.00 Tc
/F3 44.0 Tf
1 0 0 1 50.76 171.36 Tm
<432220> Tj
/F3 34.0 Tf
1 0 0 1 111.24 181.44 Tm
<2629303635274F> Tj
0.00 Tc
/F3 36.5 Tf
1 0 0 1 30.96 21.96 Tm
<45> Tj
/F3 10.5 Tf
1 0 0 1 21.24 10.80 Tm
<42CD61646573636F> Tj
0.00 Tc
1 0 0 1 133.20 11.16 Tm
<627261646573636F706F6465727075626C69636F2E636F6D2E6272> Tj
ET


----------------------------------- OPTIMIZED TEXT #5
3 Tr
0.00 Tc
/F3 12.0 Tf
1 0 0 1 47.52 338.04 Tm
<285C427261646573636F20> Tj
/F3 10.0 Tf
1 0 0 1 109.44 336.24 Tm
<E920> Tj
/F3 11.0 Tf
1 0 0 1 118.44 337.32 Tm
<70726573656EE76120> Tj
/F3 10.5 Tf
1 0 0 1 167.76 336.24 Tm
<656D20> Tj
/F3 11.0 Tf
1 0 0 1 185.76 336.24 Tm
<736F6C75E7F5657320> Tj
1 0 0 1 233.64 336.60 Tm
<6465> Tj
/F3 11.5 Tf
1 0 0 1 43.20 324.72 Tm
<70726F6475746F7320> Tj
/F3 10.0 Tf
1 0 0 1 92.16 323.28 Tm
<6520> Tj
/F3 11.0 Tf
1 0 0 1 101.16 323.28 Tm
<73EACD7669E76F7320> Tj
/F3 12.0 Tf
1 0 0 1 146.16 324.72 Tm
<7061C920> Tj
/F3 11.0 Tf
1 0 0 1 171.72 323.64 Tm
<6F20> Tj
/F3 10.5 Tf
1 0 0 1 181.44 323.64 Tm
<506F64657220> Tj
1 0 0 1 213.48 323.64 Tm
<50FA626C69636F2E> Tj
0.00 Tc
/F3 27.0 Tf
1 0 0 1 55.08 231.12 Tm
<C06E707227612720> Tj
/F3 22.0 Tf
1 0 0 1 146.16 240.84 Tm
<4F43C27127CD> Tj
0.00 Tc
/F3 44.0 Tf
1 0 0 1 50.76 171.36 Tm
<432220> Tj
/F3 34.0 Tf
1 0 0 1 111.24 181.44 Tm
<2629303635274F> Tj
0.00 Tc
/F3 36.5 Tf
1 0 0 1 30.96 21.96 Tm
<45> Tj
/F3 10.5 Tf
1 0 0 1 21.24 10.80 Tm
<42CD61646573636F> Tj
0.00 Tc
1 0 0 1 133.20 11.16 Tm
<627261646573636F706F6465727075626C69636F2E636F6D2E6272> Tj
TEXT= <285C427261646573636F20>
TEXT= <E920>
TEXT= <70726573656EE76120>
TEXT= <656D20>
TEXT= <736F6C75E7F5657320>
TEXT= <6465>
TEXT= <70726F6475746F7320>
TEXT= <6520>
TEXT= <73EACD7669E76F7320>
TEXT= <7061C920>
TEXT= <6F20>
TEXT= <506F64657220>
TEXT= <50FA626C69636F2E>
TEXT= <C06E707227612720>
TEXT= <4F43C27127CD>
TEXT= <432220>
TEXT= <2629303635274F>
TEXT= <45>
TEXT= <42CD61646573636F>
TEXT= <627261646573636F706F6465727075626C69636F2E636F6D2E6272>
$this ->FontTable = (object) Thrak\Processors\PdfTexterFontTable
   {
        const  PDF_UNKNOWN_ENCODING              =  0 ;
        const  PDF_ASCIIHEX_ENCODING             =  1 ;
        const  PDF_ASCII85_ENCODING              =  2 ;
        const  PDF_FLATE_ENCODING                =  3 ;
        const  PDF_TEXT_ENCODING                 =  4 ;
        const  PDF_LZW_ENCODING                  =  5 ;
        const  PDF_RLE_ENCODING                  =  6 ;
        const  PDF_DCT_ENCODING                  =  7 ;
        const  PDF_CCITT_FAX_ENCODING            =  8 ;
        const  PDF_JBIG2_ENCODING                =  9 ;
        const  PDF_JPX_ENCODING                  =  10 ;

        private              $Fonts                           = array[1]
           {
                [6] => (object) Thrak\Processors\PdfTexterFont
                   {
                        const  FONT_ENCODING_STANDARD            =  0 ;
                        const  FONT_ENCODING_WINANSI             =  1 ;
                        const  FONT_ENCODING_MAC_ROMAN           =  2 ;
                        const  FONT_ENCODING_UNICODE_MAP         =  3 ;
                        const  FONT_ENCODING_PDF_MAP             =  4 ;
                        const  PDF_UNKNOWN_ENCODING              =  0 ;
                        const  PDF_ASCIIHEX_ENCODING             =  1 ;
                        const  PDF_ASCII85_ENCODING              =  2 ;
                        const  PDF_FLATE_ENCODING                =  3 ;
                        const  PDF_TEXT_ENCODING                 =  4 ;
                        const  PDF_LZW_ENCODING                  =  5 ;
                        const  PDF_RLE_ENCODING                  =  6 ;
                        const  PDF_DCT_ENCODING                  =  7 ;
                        const  PDF_CCITT_FAX_ENCODING            =  8 ;
                        const  PDF_JBIG2_ENCODING                =  9 ;
                        const  PDF_JPX_ENCODING                  =  10 ;

                        static protected     $WinAnsiCharacterMap             = array[27]
                           {
                                [128] => (int) 8364
                                [130] => (int) 8218
                                [131] => (int) 402
                                [132] => (int) 8222
                                [133] => (int) 8230
                                [134] => (int) 8224
                                [135] => (int) 8225
                                [136] => (int) 710
                                [137] => (int) 8240
                                [138] => (int) 352
                                [139] => (int) 8249
                                [140] => (int) 338
                                [142] => (int) 381
                                [145] => (int) 8216
                                [146] => (int) 8217
                                [147] => (int) 8220
                                [148] => (int) 8221
                                [149] => (int) 8226
                                [150] => (int) 8211
                                [151] => (int) 8212
                                [152] => (int) 732
                                [153] => (int) 8482
                                [154] => (int) 353
                                [155] => (int) 8250
                                [156] => (int) 339
                                [158] => (int) 382
                                [159] => (int) 376
                            }
                        static protected     $MacRomanCharacterMap            = array[128]
                           {
                                [128] => (int) 196
                                [129] => (int) 197
                                [130] => (int) 199
                                [131] => (int) 201
                                [132] => (int) 209
                                [133] => (int) 214
                                [134] => (int) 220
                                [135] => (int) 225
                                [136] => (int) 224
                                [137] => (int) 226
                                [138] => (int) 228
                                [139] => (int) 227
                                [140] => (int) 229
                                [141] => (int) 231
                                [142] => (int) 233
                                [143] => (int) 232
                                [144] => (int) 234
                                [145] => (int) 235
                                [146] => (int) 237
                                [147] => (int) 236
                                [148] => (int) 238
                                [149] => (int) 239
                                [150] => (int) 241
                                [151] => (int) 243
                                [152] => (int) 242
                                [153] => (int) 244
                                [154] => (int) 246
                                [155] => (int) 245
                                [156] => (int) 250
                                [157] => (int) 249
                                [158] => (int) 251
                                [159] => (int) 252
                                [160] => (int) 8224
                                [161] => (int) 176
                                [162] => (int) 162
                                [163] => (int) 163
                                [164] => (int) 167
                                [165] => (int) 8226
                                [166] => (int) 182
                                [167] => (int) 223
                                [168] => (int) 174
                                [169] => (int) 169
                                [170] => (int) 8482
                                [171] => (int) 180
                                [172] => (int) 168
                                [173] => (int) 8800
                                [174] => (int) 198
                                [175] => (int) 216
                                [176] => (int) 8734
                                [177] => (int) 177
                                [178] => (int) 8804
                                [179] => (int) 8805
                                [180] => (int) 165
                                [181] => (int) 181
                                [182] => (int) 8706
                                [183] => (int) 8721
                                [184] => (int) 8719
                                [185] => (int) 960
                                [186] => (int) 8747
                                [187] => (int) 170
                                [188] => (int) 186
                                [189] => (int) 937
                                [190] => (int) 230
                                [191] => (int) 248
                                [192] => (int) 191
                                [193] => (int) 161
                                [194] => (int) 172
                                [195] => (int) 8730
                                [196] => (int) 402
                                [197] => (int) 8776
                                [198] => (int) 8710
                                [199] => (int) 171
                                [200] => (int) 187
                                [201] => (int) 8230
                                [202] => (int) 160
                                [203] => (int) 192
                                [204] => (int) 195
                                [205] => (int) 213
                                [206] => (int) 338
                                [207] => (int) 339
                                [208] => (int) 8211
                                [209] => (int) 8212
                                [210] => (int) 8220
                                [211] => (int) 8221
                                [212] => (int) 8216
                                [213] => (int) 8217
                                [214] => (int) 247
                                [215] => (int) 9674
                                [216] => (int) 255
                                [217] => (int) 376
                                [218] => (int) 8260
                                [219] => (int) 8364
                                [220] => (int) 8249
                                [221] => (int) 8250
                                [222] => (int) 64257
                                [223] => (int) 64258
                                [224] => (int) 8225
                                [225] => (int) 183
                                [226] => (int) 8218
                                [227] => (int) 8222
                                [228] => (int) 8240
                                [229] => (int) 194
                                [230] => (int) 202
                                [231] => (int) 193
                                [232] => (int) 203
                                [233] => (int) 200
                                [234] => (int) 205
                                [235] => (int) 206
                                [236] => (int) 207
                                [237] => (int) 204
                                [238] => (int) 211
                                [239] => (int) 212
                                [240] => (int) 63743
                                [241] => (int) 210
                                [242] => (int) 218
                                [243] => (int) 219
                                [244] => (int) 217
                                [245] => (int) 305
                                [246] => (int) 710
                                [247] => (int) 732
                                [248] => (int) 175
                                [249] => (int) 728
                                [250] => (int) 729
                                [251] => (int) 730
                                [252] => (int) 184
                                [253] => (int) 733
                                [254] => (int) 731
                                [255] => (int) 711
                            }
                        public               $Id                              = (int) 6
                        public               $FontType                        = (int) 1
                        public               $CharacterMapId                  = (int) 0
                        public               $CharacterMap                    = null
                    }
            }
        private              $DefaultFont                     = (int) 6
        private              $FontMap                         = array[1]
           {
                ["/F3"] => (string[1]) "6"
            }
    }
