1c1
<
---
>
4,24c4,24
< 8.25.2016 DRAW 1,
< Prize Tier Last Name City State First Name
< ULTIMATE PIT EXPERIENCE SAN ANTONIO TX ALBERTO COSS
< TEXAS GRAND PRIZE SAN ANTONIO TX MOHAMMADREZA MOHAMMADI
< PITBULL AFTER DARK CRUISE ALICE TX NATIVIDAD RIOS
< PITBULL MERCHANDISE PRIZE SAN ANTONIO TX RACHEL ALCORTA
< PITBULL MERCHANDISE PRIZE FORT WORTH TX WINDELL ALLEN
< PITBULL MERCHANDISE PRIZE AUSTIN TX IGNACIO ALVAREZ
< PITBULL MERCHANDISE PRIZE KELLER TX DANA ANDERSON
< PITBULL MERCHANDISE PRIZE TRINITY TX WILLIAM ANDERSON
< PITBULL MERCHANDISE PRIZE AMARILLO TX DORA ANDRADE
< PITBULL MERCHANDISE PRIZE BEAUMONT TX CLARA ANDREWS
< PITBULL MERCHANDISE PRIZE MISSOURI CITY TX BRENDA ANDREWS
< PITBULL MERCHANDISE PRIZE ARLINGTON TX JENNIFER APARICIO
< PITBULL MERCHANDISE PRIZE SAN ANTONIO TX LAURA AROCHA
< PITBULL MERCHANDISE PRIZE HOUSTON TX GEORGIA ARREDONDO
< PITBULL MERCHANDISE PRIZE DALLAS TX BRUCE ATCHISON
< PITBULL MERCHANDISE PRIZE AMARILLO TX KEENAN ATHERTON
< PITBULL MERCHANDISE PRIZE CORPUS CHRISTI TX JEANETTE AYALA
< PITBULL MERCHANDISE PRIZE HOUSTON TX ANTHONY BALDWIN
< PITBULL MERCHANDISE PRIZE HUMBLE TX PAULA BANDA
---
> 8.25.2016DRAW 1,
> Prize TierLast NameCityStateFirst Name
> ULTIMATE PIT EXPERIENCESAN ANTONIOTXALBERTOCOSS
> TEXAS GRAND PRIZESAN ANTONIOTXMOHAMMADREZAMOHAMMADI
> PITBULL AFTER DARK CRUISEALICETXNATIVIDADRIOS
> PITBULL MERCHANDISE PRIZESAN ANTONIOTXRACHELALCORTA
> PITBULL MERCHANDISE PRIZEFORT WORTHTXWINDELLALLEN
> PITBULL MERCHANDISE PRIZEAUSTINTXIGNACIOALVAREZ
> PITBULL MERCHANDISE PRIZEKELLERTXDANAANDERSON
> PITBULL MERCHANDISE PRIZETRINITYTXWILLIAMANDERSON
> PITBULL MERCHANDISE PRIZEAMARILLOTXDORAANDRADE
> PITBULL MERCHANDISE PRIZEBEAUMONTTXCLARAANDREWS
> PITBULL MERCHANDISE PRIZEMISSOURI CITYTXBRENDAANDREWS
> PITBULL MERCHANDISE PRIZEARLINGTONTXJENNIFERAPARICIO
> PITBULL MERCHANDISE PRIZESAN ANTONIOTXLAURAAROCHA
> PITBULL MERCHANDISE PRIZEHOUSTONTXGEORGIAARREDONDO
> PITBULL MERCHANDISE PRIZEDALLASTXBRUCEATCHISON
> PITBULL MERCHANDISE PRIZEAMARILLOTXKEENANATHERTON
> PITBULL MERCHANDISE PRIZECORPUS CHRISTITXJEANETTEAYALA
> PITBULL MERCHANDISE PRIZEHOUSTONTXANTHONYBALDWIN
> PITBULL MERCHANDISE PRIZEHUMBLETXPAULABANDA
26,51c26,51
< ARLINGTON TX EDWARD BARBER JR
< PITBULL MERCHANDISE PRIZE ROUND ROCK TX PAUL BARRIOS
< PITBULL MERCHANDISE PRIZE CORPUS CHRISTI TX VERONICA BAZALDUA
< PITBULL MERCHANDISE PRIZE SAN ANTONIO TX JULIE BONILLA
< PITBULL MERCHANDISE PRIZE CORSICANA TX DARLA BONNER
< PITBULL MERCHANDISE PRIZE LANE CITY TX KATHERINE BOUTTE
< PITBULL MERCHANDISE PRIZE DALLAS TX BRIAN BOWDEN
< PITBULL MERCHANDISE PRIZE TERRELL TX THERESA BREWSTER
< PITBULL MERCHANDISE PRIZE LEANDER TX TRACY BRITTON
< PITBULL MERCHANDISE PRIZE FORT WORTH TX BRANDI BROOKS
< PITBULL MERCHANDISE PRIZE CAMPBELL TX KENNETH BUSBY
< PITBULL MERCHANDISE PRIZE TOMBALL TX CELESTINE BUTLER
< PITBULL MERCHANDISE PRIZE HOUSTON TX PAMELA CARTER
< PITBULL MERCHANDISE PRIZE AUSTIN TX LOUIS CASTILLO
< PITBULL MERCHANDISE PRIZE SAN ANTONIO TX MARTIN CASTILLO
< PITBULL MERCHANDISE PRIZE DALLAS TX ELIZABETH CASTRO
< PITBULL MERCHANDISE PRIZE LUFKIN TX FRANK CHASTUN
< PITBULL MERCHANDISE PRIZE CORSICANA TX RAKESH CHAUHAN
< PITBULL MERCHANDISE PRIZE ABILENE TX RAYMOND CLARK
< PITBULL MERCHANDISE PRIZE SAN ANTONIO TX MICHAEL CLARK
< PITBULL MERCHANDISE PRIZE ROUND ROCK TX RICHARD CLAUDE
< PITBULL MERCHANDISE PRIZE LAREDO TX MAURICE CLICK
< PITBULL MERCHANDISE PRIZE HOUSTON TX JOHN COBIAN
< PITBULL MERCHANDISE PRIZE HOUSTON TX ROBIN COBLENTZ
<  6 1 OF
<
---
> ARLINGTONTXEDWARDBARBER JR
> PITBULL MERCHANDISE PRIZEROUND ROCKTXPAULBARRIOS
> PITBULL MERCHANDISE PRIZECORPUS CHRISTITXVERONICABAZALDUA
> PITBULL MERCHANDISE PRIZESAN ANTONIOTXJULIEBONILLA
> PITBULL MERCHANDISE PRIZECORSICANATXDARLABONNER
> PITBULL MERCHANDISE PRIZELANE CITYTXKATHERINEBOUTTE
> PITBULL MERCHANDISE PRIZEDALLASTXBRIANBOWDEN
> PITBULL MERCHANDISE PRIZETERRELLTXTHERESABREWSTER
> PITBULL MERCHANDISE PRIZELEANDERTXTRACYBRITTON
> PITBULL MERCHANDISE PRIZEFORT WORTHTXBRANDIBROOKS
> PITBULL MERCHANDISE PRIZECAMPBELLTXKENNETHBUSBY
> PITBULL MERCHANDISE PRIZETOMBALLTXCELESTINEBUTLER
> PITBULL MERCHANDISE PRIZEHOUSTONTXPAMELACARTER
> PITBULL MERCHANDISE PRIZEAUSTINTXLOUISCASTILLO
> PITBULL MERCHANDISE PRIZESAN ANTONIOTXMARTINCASTILLO
> PITBULL MERCHANDISE PRIZEDALLASTXELIZABETHCASTRO
> PITBULL MERCHANDISE PRIZELUFKINTXFRANKCHASTUN
> PITBULL MERCHANDISE PRIZECORSICANATXRAKESHCHAUHAN
> PITBULL MERCHANDISE PRIZEABILENETXRAYMONDCLARK
> PITBULL MERCHANDISE PRIZESAN ANTONIOTXMICHAELCLARK
> PITBULL MERCHANDISE PRIZEROUND ROCKTXRICHARDCLAUDE
> PITBULL MERCHANDISE PRIZELAREDOTXMAURICECLICK
> PITBULL MERCHANDISE PRIZEHOUSTONTXJOHNCOBIAN
> PITBULL MERCHANDISE PRIZEHOUSTONTXROBINCOBLENTZ
>  61 OF
>
54,103c54,103
< 8.25.2016 DRAW 1,
< Prize Tier Last Name City State First Name
< PITBULL MERCHANDISE PRIZE WOODVILLE TX ANGELA COLLINS
< PITBULL MERCHANDISE PRIZE KATY TX KRISTY CONDREY
< PITBULL MERCHANDISE PRIZE DALLAS TX GABRIEL CONTRERAS
< PITBULL MERCHANDISE PRIZE TEMPLE TX GONSALO CORDERO
< PITBULL MERCHANDISE PRIZE SAN ANGELO TX MARYANN COVERSON
< PITBULL MERCHANDISE PRIZE HOUSTON TX JAMES CRAFT JR
< PITBULL MERCHANDISE PRIZE FORT WORTH TX CYNTHIA CRAINE
< PITBULL MERCHANDISE PRIZE GILMER TX BRIDGETT CURTIS
< PITBULL MERCHANDISE PRIZE SAN ANTONIO TX BERNICE DABNEY
< PITBULL MERCHANDISE PRIZE FREDERICKSBURG TX JOE DAVIS
< PITBULL MERCHANDISE PRIZE ARGYLE TX VERONICA DELPIZZO
< PITBULL MERCHANDISE PRIZE CARROLLTON TX JANTI DEVANI
< PITBULL MERCHANDISE PRIZE SOUTHLAKE TX GINA DISIBIO
< PITBULL MERCHANDISE PRIZE PECOS TX LIZA DOMINGUEZ
< PITBULL MERCHANDISE PRIZE SPRING TX THOMAS DOVENO
< PITBULL MERCHANDISE PRIZE WAXAHACHIE TX BILLY DULIN
< PITBULL MERCHANDISE PRIZE CONROE TX LAURIE DUNBAR
< PITBULL MERCHANDISE PRIZE GARLAND TX STEPHANIE DUNLAP
< PITBULL MERCHANDISE PRIZE WILLIS TX SANDRA DURHAM
< PITBULL MERCHANDISE PRIZE ODEM TX RODNEY DUVE
< PITBULL MERCHANDISE PRIZE TEXARKANA TX ROBERT EDWARDS
< PITBULL MERCHANDISE PRIZE SAN ANTONIO TX RAQUEL ENRIQUEZ
< PITBULL MERCHANDISE PRIZE WACO TX CHRISTINE ESPINOSA
< PITBULL MERCHANDISE PRIZE DALLAS TX FREDERICK EVANS
< PITBULL MERCHANDISE PRIZE ROUND ROCK TX JESSICA FABAC
< PITBULL MERCHANDISE PRIZE HALTOM CITY TX JENNIFER FABILA
< PITBULL MERCHANDISE PRIZE TENAHA TX ARIN FENTON
< PITBULL MERCHANDISE PRIZE HOUSTON TX THERESA FIELDS
< PITBULL MERCHANDISE PRIZE SUGAR LAND TX ALEKSANDR FINKELSHTEYN
< PITBULL MERCHANDISE PRIZE LOS FRESNOS TX ELIZA FLORES
< PITBULL MERCHANDISE PRIZE SAN ANTONIO TX R. ANDREA FLORES
< PITBULL MERCHANDISE PRIZE SAN ANGELO TX ANITA FORD
< PITBULL MERCHANDISE PRIZE FRIENDSWOOD TX STEPHEN FOSTER
< PITBULL MERCHANDISE PRIZE LUBBOCK TX HELEN FRANCO BAITER
< PITBULL MERCHANDISE PRIZE HUMBLE TX JOHN FRASER
< PITBULL MERCHANDISE PRIZE ALICE TX GARRETT FRIEDECK
< PITBULL MERCHANDISE PRIZE ALICE TX KAREN FUDGE
< PITBULL MERCHANDISE PRIZE WEATHERFORD TX JEANNIE GAER
< PITBULL MERCHANDISE PRIZE HOUSTON TX BRENDA GANT
< PITBULL MERCHANDISE PRIZE COTULLA TX ANTHONY GARCIA
< PITBULL MERCHANDISE PRIZE SAN ANTONIO TX FRANCES GARCIA
< PITBULL MERCHANDISE PRIZE SAN MARCOS TX CHRIS GARCIA
< PITBULL MERCHANDISE PRIZE SEAGOVILLE TX ROBERTO GARCIA
< PITBULL MERCHANDISE PRIZE VICTORIA TX RUBEN GARCIA
< PITBULL MERCHANDISE PRIZE BISHOP TX YOLANDA GARZA
< PITBULL MERCHANDISE PRIZE SAN MARCOS TX REYNALDO GARZA
<  6 2 OF
<
---
> 8.25.2016DRAW 1,
> Prize TierLast NameCityStateFirst Name
> PITBULL MERCHANDISE PRIZEWOODVILLETXANGELACOLLINS
> PITBULL MERCHANDISE PRIZEKATYTXKRISTYCONDREY
> PITBULL MERCHANDISE PRIZEDALLASTXGABRIELCONTRERAS
> PITBULL MERCHANDISE PRIZETEMPLETXGONSALOCORDERO
> PITBULL MERCHANDISE PRIZESAN ANGELOTXMARYANNCOVERSON
> PITBULL MERCHANDISE PRIZEHOUSTONTXJAMESCRAFT JR
> PITBULL MERCHANDISE PRIZEFORT WORTHTXCYNTHIACRAINE
> PITBULL MERCHANDISE PRIZEGILMERTXBRIDGETTCURTIS
> PITBULL MERCHANDISE PRIZESAN ANTONIOTXBERNICEDABNEY
> PITBULL MERCHANDISE PRIZEFREDERICKSBURGTXJOEDAVIS
> PITBULL MERCHANDISE PRIZEARGYLETXVERONICADELPIZZO
> PITBULL MERCHANDISE PRIZECARROLLTONTXJANTIDEVANI
> PITBULL MERCHANDISE PRIZESOUTHLAKETXGINADISIBIO
> PITBULL MERCHANDISE PRIZEPECOSTXLIZADOMINGUEZ
> PITBULL MERCHANDISE PRIZESPRINGTXTHOMASDOVENO
> PITBULL MERCHANDISE PRIZEWAXAHACHIETXBILLYDULIN
> PITBULL MERCHANDISE PRIZECONROETXLAURIEDUNBAR
> PITBULL MERCHANDISE PRIZEGARLANDTXSTEPHANIEDUNLAP
> PITBULL MERCHANDISE PRIZEWILLISTXSANDRADURHAM
> PITBULL MERCHANDISE PRIZEODEMTXRODNEYDUVE
> PITBULL MERCHANDISE PRIZETEXARKANATXROBERTEDWARDS
> PITBULL MERCHANDISE PRIZESAN ANTONIOTXRAQUELENRIQUEZ
> PITBULL MERCHANDISE PRIZEWACOTXCHRISTINEESPINOSA
> PITBULL MERCHANDISE PRIZEDALLASTXFREDERICKEVANS
> PITBULL MERCHANDISE PRIZEROUND ROCKTXJESSICAFABAC
> PITBULL MERCHANDISE PRIZEHALTOM CITYTXJENNIFERFABILA
> PITBULL MERCHANDISE PRIZETENAHATXARINFENTON
> PITBULL MERCHANDISE PRIZEHOUSTONTXTHERESAFIELDS
> PITBULL MERCHANDISE PRIZESUGAR LANDTXALEKSANDRFINKELSHTEYN
> PITBULL MERCHANDISE PRIZELOS FRESNOSTXELIZAFLORES
> PITBULL MERCHANDISE PRIZESAN ANTONIOTXR. ANDREAFLORES
> PITBULL MERCHANDISE PRIZESAN ANGELOTXANITAFORD
> PITBULL MERCHANDISE PRIZEFRIENDSWOODTXSTEPHENFOSTER
> PITBULL MERCHANDISE PRIZELUBBOCKTXHELENFRANCO BAITER
> PITBULL MERCHANDISE PRIZEHUMBLETXJOHNFRASER
> PITBULL MERCHANDISE PRIZEALICETXGARRETTFRIEDECK
> PITBULL MERCHANDISE PRIZEALICETXKARENFUDGE
> PITBULL MERCHANDISE PRIZEWEATHERFORDTXJEANNIEGAER
> PITBULL MERCHANDISE PRIZEHOUSTONTXBRENDAGANT
> PITBULL MERCHANDISE PRIZECOTULLATXANTHONYGARCIA
> PITBULL MERCHANDISE PRIZESAN ANTONIOTXFRANCESGARCIA
> PITBULL MERCHANDISE PRIZESAN MARCOSTXCHRISGARCIA
> PITBULL MERCHANDISE PRIZESEAGOVILLETXROBERTOGARCIA
> PITBULL MERCHANDISE PRIZEVICTORIATXRUBENGARCIA
> PITBULL MERCHANDISE PRIZEBISHOPTXYOLANDAGARZA
> PITBULL MERCHANDISE PRIZESAN MARCOSTXREYNALDOGARZA
>  62 OF
>
106,155c106,155
< 8.25.2016 DRAW 1,
< Prize Tier Last Name City State First Name
< PITBULL MERCHANDISE PRIZE ARLINGTON TX JOHN GILLIS
< PITBULL MERCHANDISE PRIZE WACO TX JACKIE GINYARD
< PITBULL MERCHANDISE PRIZE KATY TX DUANE GOLYER
< PITBULL MERCHANDISE PRIZE HORIZON CITY TX JAIME GONZALES
< PITBULL MERCHANDISE PRIZE MCALLEN TX JESUS GONZALEZ
< PITBULL MERCHANDISE PRIZE SAN ANTONIO TX ROBERTO GONZALEZ
< PITBULL MERCHANDISE PRIZE DALLAS TX BENITO GONZALEZ JR
< PITBULL MERCHANDISE PRIZE HOUSTON TX GRAY GOODMAN
< PITBULL MERCHANDISE PRIZE HOUSTON TX THERESA GOUDEAU
< PITBULL MERCHANDISE PRIZE HOUSTON TX LAKEISHA GREEN
< PITBULL MERCHANDISE PRIZE SPRING TX KENNETH GREEN
< PITBULL MERCHANDISE PRIZE ARLINGTON TX PATRICIA GREENWADE
< PITBULL MERCHANDISE PRIZE NEW BRAUNFELS TX TRACEY GRIFFIN
< PITBULL MERCHANDISE PRIZE PLANO TX LINDA GRIMES
< PITBULL MERCHANDISE PRIZE AMARILLO TX ISRAEL GUAJARDO
< PITBULL MERCHANDISE PRIZE MCALLEN TX ELIEZER GUAJARDO
< PITBULL MERCHANDISE PRIZE HOUSTON TX ADELSO GUIA
< PITBULL MERCHANDISE PRIZE CORPUS CHRISTI TX WILLIAM GUINN
< PITBULL MERCHANDISE PRIZE HOUSTON TX JUMA GULZAR
< PITBULL MERCHANDISE PRIZE EL CAMPO TX DONNA HAGEL
< PITBULL MERCHANDISE PRIZE ABILENE TX THOMAS HALE
< PITBULL MERCHANDISE PRIZE BELTON TX LUCY HALES
< PITBULL MERCHANDISE PRIZE NORTH RICHLAND TX SHARON HARMON
< PITBULL MERCHANDISE PRIZE MESQUITE TX CARLA HARRIS
< PITBULL MERCHANDISE PRIZE GALVESTON TX JOHN HAYS
< PITBULL MERCHANDISE PRIZE PFLUGERVILLE TX LISA HERNANDEZ
< PITBULL MERCHANDISE PRIZE SAN ANTONIO TX GABRIELA HERNANDEZ
< PITBULL MERCHANDISE PRIZE SAN BENITO TX GLORIA HERNANDEZ
< PITBULL MERCHANDISE PRIZE SPRING TX SUSAN HEWITT
< PITBULL MERCHANDISE PRIZE DICKINSON TX JOHN HINNERSHIETZ
< PITBULL MERCHANDISE PRIZE VIDOR TX JENNIFER HOLDEN
< PITBULL MERCHANDISE PRIZE KIRBYVILLE TX AMANDA HOPSON
< PITBULL MERCHANDISE PRIZE DALLAS TX JERRY HOWARD
< PITBULL MERCHANDISE PRIZE SAN ANTONIO TX ANTHONY HOWARD
< PITBULL MERCHANDISE PRIZE BURLESON TX CYNTHIA HUTCHISON
< PITBULL MERCHANDISE PRIZE LEANDER TX KATE HYATT
< PITBULL MERCHANDISE PRIZE ELGIN TX RICHARD IBIS
< PITBULL MERCHANDISE PRIZE BAYTOWN TX HANNAH JACKSON
< PITBULL MERCHANDISE PRIZE SAN ANTONIO TX GLENDA JAHNKE
< PITBULL MERCHANDISE PRIZE HOUSTON TX JOY JEFFERSON
< PITBULL MERCHANDISE PRIZE DALE TX EILEEN JERNIGAN
< PITBULL MERCHANDISE PRIZE HOUSTON TX DONALD JOHNSON
< PITBULL MERCHANDISE PRIZE ROUND ROCK TX MIRIAM JOHNSON
< PITBULL MERCHANDISE PRIZE HOUSTON TX CATINA JONES
< PITBULL MERCHANDISE PRIZE AUSTIN TX BISHWA JOSHI
< PITBULL MERCHANDISE PRIZE VIDOR TX JOSHUA KENNEDY
<  6 3 OF
<
---
> 8.25.2016DRAW 1,
> Prize TierLast NameCityStateFirst Name
> PITBULL MERCHANDISE PRIZEARLINGTONTXJOHNGILLIS
> PITBULL MERCHANDISE PRIZEWACOTXJACKIEGINYARD
> PITBULL MERCHANDISE PRIZEKATYTXDUANEGOLYER
> PITBULL MERCHANDISE PRIZEHORIZON CITYTXJAIMEGONZALES
> PITBULL MERCHANDISE PRIZEMCALLENTXJESUSGONZALEZ
> PITBULL MERCHANDISE PRIZESAN ANTONIOTXROBERTOGONZALEZ
> PITBULL MERCHANDISE PRIZEDALLASTXBENITOGONZALEZ JR
> PITBULL MERCHANDISE PRIZEHOUSTONTXGRAYGOODMAN
> PITBULL MERCHANDISE PRIZEHOUSTONTXTHERESAGOUDEAU
> PITBULL MERCHANDISE PRIZEHOUSTONTXLAKEISHAGREEN
> PITBULL MERCHANDISE PRIZESPRINGTXKENNETHGREEN
> PITBULL MERCHANDISE PRIZEARLINGTONTXPATRICIAGREENWADE
> PITBULL MERCHANDISE PRIZENEW BRAUNFELSTXTRACEYGRIFFIN
> PITBULL MERCHANDISE PRIZEPLANOTXLINDAGRIMES
> PITBULL MERCHANDISE PRIZEAMARILLOTXISRAELGUAJARDO
> PITBULL MERCHANDISE PRIZEMCALLENTXELIEZERGUAJARDO
> PITBULL MERCHANDISE PRIZEHOUSTONTXADELSOGUIA
> PITBULL MERCHANDISE PRIZECORPUS CHRISTITXWILLIAMGUINN
> PITBULL MERCHANDISE PRIZEHOUSTONTXJUMAGULZAR
> PITBULL MERCHANDISE PRIZEEL CAMPOTXDONNAHAGEL
> PITBULL MERCHANDISE PRIZEABILENETXTHOMASHALE
> PITBULL MERCHANDISE PRIZEBELTONTXLUCYHALES
> PITBULL MERCHANDISE PRIZENORTH RICHLANDTXSHARONHARMON
> PITBULL MERCHANDISE PRIZEMESQUITETXCARLAHARRIS
> PITBULL MERCHANDISE PRIZEGALVESTONTXJOHNHAYS
> PITBULL MERCHANDISE PRIZEPFLUGERVILLETXLISAHERNANDEZ
> PITBULL MERCHANDISE PRIZESAN ANTONIOTXGABRIELAHERNANDEZ
> PITBULL MERCHANDISE PRIZESAN BENITOTXGLORIAHERNANDEZ
> PITBULL MERCHANDISE PRIZESPRINGTXSUSANHEWITT
> PITBULL MERCHANDISE PRIZEDICKINSONTXJOHNHINNERSHIETZ
> PITBULL MERCHANDISE PRIZEVIDORTXJENNIFERHOLDEN
> PITBULL MERCHANDISE PRIZEKIRBYVILLETXAMANDAHOPSON
> PITBULL MERCHANDISE PRIZEDALLASTXJERRYHOWARD
> PITBULL MERCHANDISE PRIZESAN ANTONIOTXANTHONYHOWARD
> PITBULL MERCHANDISE PRIZEBURLESONTXCYNTHIAHUTCHISON
> PITBULL MERCHANDISE PRIZELEANDERTXKATEHYATT
> PITBULL MERCHANDISE PRIZEELGINTXRICHARDIBIS
> PITBULL MERCHANDISE PRIZEBAYTOWNTXHANNAHJACKSON
> PITBULL MERCHANDISE PRIZESAN ANTONIOTXGLENDAJAHNKE
> PITBULL MERCHANDISE PRIZEHOUSTONTXJOYJEFFERSON
> PITBULL MERCHANDISE PRIZEDALETXEILEENJERNIGAN
> PITBULL MERCHANDISE PRIZEHOUSTONTXDONALDJOHNSON
> PITBULL MERCHANDISE PRIZEROUND ROCKTXMIRIAMJOHNSON
> PITBULL MERCHANDISE PRIZEHOUSTONTXCATINAJONES
> PITBULL MERCHANDISE PRIZEAUSTINTXBISHWAJOSHI
> PITBULL MERCHANDISE PRIZEVIDORTXJOSHUAKENNEDY
>  63 OF
>
158,207c158,207
< 8.25.2016 DRAW 1,
< Prize Tier Last Name City State First Name
< PITBULL MERCHANDISE PRIZE GEORGETOWN TX JIM KERATSOPOULOS
< PITBULL MERCHANDISE PRIZE HOUSTON TX MELISSA KING
< PITBULL MERCHANDISE PRIZE KILLEEN TX MICHAEL KITCHENS
< PITBULL MERCHANDISE PRIZE CYPRESS TX CLINT KLENK
< PITBULL MERCHANDISE PRIZE ARLINGTON TX DENNIS KRAMER
< PITBULL MERCHANDISE PRIZE BRYAN TX PETER KRUSE
< PITBULL MERCHANDISE PRIZE CEDAR PARK TX DONALD LAHAYE
< PITBULL MERCHANDISE PRIZE GARLAND TX VIRGINIA LAWLESS
< PITBULL MERCHANDISE PRIZE BRENHAM TX QUOC S LEE
< PITBULL MERCHANDISE PRIZE DALLAS TX TONY LEWIS
< PITBULL MERCHANDISE PRIZE PASADENA TX ROBERT LINDQUIST
< PITBULL MERCHANDISE PRIZE DILLEY TX JUAN LOPEZ
< PITBULL MERCHANDISE PRIZE EDINBURG TX JENNIFER LOPEZ
< PITBULL MERCHANDISE PRIZE SAN ANGELO TX ALBERT LUJAN LL
< PITBULL MERCHANDISE PRIZE EL PASO TX JESUS LUNA JR.
< PITBULL MERCHANDISE PRIZE ROUND ROCK TX PEDRO MALDONADO
< PITBULL MERCHANDISE PRIZE ALLEN TX ALYSSA MARTIN
< PITBULL MERCHANDISE PRIZE SPRING TX WARREN MARTIN
< PITBULL MERCHANDISE PRIZE AUSTIN TX YVONNE MARTINEZ
< PITBULL MERCHANDISE PRIZE FLINT TX ERICA MARTINEZ
< PITBULL MERCHANDISE PRIZE FORT WORTH TX JOSE MARTINEZ
< PITBULL MERCHANDISE PRIZE WOODWAY TX KAY MARTINEZ
< PITBULL MERCHANDISE PRIZE SAN ANTONIO TX ROSA MARTINEZ SMITH
< PITBULL MERCHANDISE PRIZE SLATON TX JAMES MASERANG
< PITBULL MERCHANDISE PRIZE LINDEN TX MICHELLE MATCHETT
< PITBULL MERCHANDISE PRIZE FORT WORTH TX EARTHA MAYS
< PITBULL MERCHANDISE PRIZE SAN ANTONIO TX EDDIE MAYS
< PITBULL MERCHANDISE PRIZE SAN ANTONIO TX PHILIP MCCARTY
< PITBULL MERCHANDISE PRIZE MCKINNEY TX PAUL MCCATHARN JR
< PITBULL MERCHANDISE PRIZE HOUSTON TX GLORIA MEDINA
< PITBULL MERCHANDISE PRIZE LAREDO TX LUCIA MENCHACA
< PITBULL MERCHANDISE PRIZE ENNIS TX GARY MERRITT
< PITBULL MERCHANDISE PRIZE SAN ANTONIO TX GARY MIKESKA
< PITBULL MERCHANDISE PRIZE BELLAIRE TX RANDY MITCHELL
< PITBULL MERCHANDISE PRIZE SAN ANGELO TX LORETTA MOLINA
< PITBULL MERCHANDISE PRIZE DALLAS TX JAMES  C MONK JR
< PITBULL MERCHANDISE PRIZE FORT WORTH TX SHERMAN MOORE
< PITBULL MERCHANDISE PRIZE PEARLAND TX PAULINE MORAN
< PITBULL MERCHANDISE PRIZE LUBBOCK TX EDWARD MORENO
< PITBULL MERCHANDISE PRIZE QUINLAN TX GARY MORGAN
< PITBULL MERCHANDISE PRIZE SAN ANTONIO TX SANDRA MORGAN
< PITBULL MERCHANDISE PRIZE ALICE TX JANIE MUNOZ
< PITBULL MERCHANDISE PRIZE GARLAND TX SAMREEN MUZAFFAR
< PITBULL MERCHANDISE PRIZE SAN ANTONIO TX LEROY NARVAEZ
< PITBULL MERCHANDISE PRIZE TYLER TX PATRICK NEWBURN
< PITBULL MERCHANDISE PRIZE SULPHUR SPRINGS TX NEIL NICHOLAS
<  6 4 OF
<
---
> 8.25.2016DRAW 1,
> Prize TierLast NameCityStateFirst Name
> PITBULL MERCHANDISE PRIZEGEORGETOWNTXJIMKERATSOPOULOS
> PITBULL MERCHANDISE PRIZEHOUSTONTXMELISSAKING
> PITBULL MERCHANDISE PRIZEKILLEENTXMICHAELKITCHENS
> PITBULL MERCHANDISE PRIZECYPRESSTXCLINTKLENK
> PITBULL MERCHANDISE PRIZEARLINGTONTXDENNISKRAMER
> PITBULL MERCHANDISE PRIZEBRYANTXPETERKRUSE
> PITBULL MERCHANDISE PRIZECEDAR PARKTXDONALDLAHAYE
> PITBULL MERCHANDISE PRIZEGARLANDTXVIRGINIALAWLESS
> PITBULL MERCHANDISE PRIZEBRENHAMTXQUOC SLEE
> PITBULL MERCHANDISE PRIZEDALLASTXTONYLEWIS
> PITBULL MERCHANDISE PRIZEPASADENATXROBERTLINDQUIST
> PITBULL MERCHANDISE PRIZEDILLEYTXJUANLOPEZ
> PITBULL MERCHANDISE PRIZEEDINBURGTXJENNIFERLOPEZ
> PITBULL MERCHANDISE PRIZESAN ANGELOTXALBERTLUJAN LL
> PITBULL MERCHANDISE PRIZEEL PASOTXJESUSLUNA JR.
> PITBULL MERCHANDISE PRIZEROUND ROCKTXPEDROMALDONADO
> PITBULL MERCHANDISE PRIZEALLENTXALYSSAMARTIN
> PITBULL MERCHANDISE PRIZESPRINGTXWARRENMARTIN
> PITBULL MERCHANDISE PRIZEAUSTINTXYVONNEMARTINEZ
> PITBULL MERCHANDISE PRIZEFLINTTXERICAMARTINEZ
> PITBULL MERCHANDISE PRIZEFORT WORTHTXJOSEMARTINEZ
> PITBULL MERCHANDISE PRIZEWOODWAYTXKAYMARTINEZ
> PITBULL MERCHANDISE PRIZESAN ANTONIOTXROSAMARTINEZ SMITH
> PITBULL MERCHANDISE PRIZESLATONTXJAMESMASERANG
> PITBULL MERCHANDISE PRIZELINDENTXMICHELLEMATCHETT
> PITBULL MERCHANDISE PRIZEFORT WORTHTXEARTHAMAYS
> PITBULL MERCHANDISE PRIZESAN ANTONIOTXEDDIEMAYS
> PITBULL MERCHANDISE PRIZESAN ANTONIOTXPHILIPMCCARTY
> PITBULL MERCHANDISE PRIZEMCKINNEYTXPAULMCCATHARN JR
> PITBULL MERCHANDISE PRIZEHOUSTONTXGLORIAMEDINA
> PITBULL MERCHANDISE PRIZELAREDOTXLUCIAMENCHACA
> PITBULL MERCHANDISE PRIZEENNISTXGARYMERRITT
> PITBULL MERCHANDISE PRIZESAN ANTONIOTXGARYMIKESKA
> PITBULL MERCHANDISE PRIZEBELLAIRETXRANDYMITCHELL
> PITBULL MERCHANDISE PRIZESAN ANGELOTXLORETTAMOLINA
> PITBULL MERCHANDISE PRIZEDALLASTXJAMES  CMONK JR
> PITBULL MERCHANDISE PRIZEFORT WORTHTXSHERMANMOORE
> PITBULL MERCHANDISE PRIZEPEARLANDTXPAULINEMORAN
> PITBULL MERCHANDISE PRIZELUBBOCKTXEDWARDMORENO
> PITBULL MERCHANDISE PRIZEQUINLANTXGARYMORGAN
> PITBULL MERCHANDISE PRIZESAN ANTONIOTXSANDRAMORGAN
> PITBULL MERCHANDISE PRIZEALICETXJANIEMUNOZ
> PITBULL MERCHANDISE PRIZEGARLANDTXSAMREENMUZAFFAR
> PITBULL MERCHANDISE PRIZESAN ANTONIOTXLEROYNARVAEZ
> PITBULL MERCHANDISE PRIZETYLERTXPATRICKNEWBURN
> PITBULL MERCHANDISE PRIZESULPHUR SPRINGSTXNEILNICHOLAS
>  64 OF
>
210,259c210,259
< 8.25.2016 DRAW 1,
< Prize Tier Last Name City State First Name
< PITBULL MERCHANDISE PRIZE CORPUS CHRISTI TX SIDNEY NIXON
< PITBULL MERCHANDISE PRIZE SAN ANTONIO TX CONNIE NOCKER
< PITBULL MERCHANDISE PRIZE HOUSTON TX PETER NUZZO
< PITBULL MERCHANDISE PRIZE SEYMOUR TX AURORA ORTEGA
< PITBULL MERCHANDISE PRIZE CANYON LAKE TX JUDY OSTEEN
< PITBULL MERCHANDISE PRIZE TEXAS CITY TX DENNIS PEDERSEN
< PITBULL MERCHANDISE PRIZE SAN BENITO TX MARTHA PEREZ
< PITBULL MERCHANDISE PRIZE KILLEEN TX WILLIAM PERRY
< PITBULL MERCHANDISE PRIZE ARLINGTON TX PETER PETERS
< PITBULL MERCHANDISE PRIZE HOUSTON TX ANTHONY PHIPPS
< PITBULL MERCHANDISE PRIZE CORPUS CHRISTI TX CALVIN PHOENIX
< PITBULL MERCHANDISE PRIZE AUSTIN TX JACINDA POWELL
< PITBULL MERCHANDISE PRIZE MINERAL WELLS TX CRYSTAL QUINTANA
< PITBULL MERCHANDISE PRIZE GARLAND TX JORDAN RAJAMA
< PITBULL MERCHANDISE PRIZE ODESSA TX TERESA REEVES
< PITBULL MERCHANDISE PRIZE EL PASO TX ROCIO REYES
< PITBULL MERCHANDISE PRIZE HOUSTON TX YVONNE REYNOSO
< PITBULL MERCHANDISE PRIZE BROWNSVILLE TX ABEL RIOS
< PITBULL MERCHANDISE PRIZE HOUSTON TX RUSSELL ROBERTS
< PITBULL MERCHANDISE PRIZE DEL RIO TX BELINDA RODRIGUEZ
< PITBULL MERCHANDISE PRIZE FORT WORTH TX REGINA ROG
< PITBULL MERCHANDISE PRIZE ELMENDORF TX MARTIN ROSA
< PITBULL MERCHANDISE PRIZE NEW BRAUNFELS TX LISA RULE
< PITBULL MERCHANDISE PRIZE SAN ANTONIO TX MICHAEL RUSSO
< PITBULL MERCHANDISE PRIZE POTTSBORO TX ROMAN SAENZ
< PITBULL MERCHANDISE PRIZE LEANDER TX RICKY SAFER
< PITBULL MERCHANDISE PRIZE SAN ANTONIO TX DORA SALAS
< PITBULL MERCHANDISE PRIZE EDINBURG TX JUAN SANCHEZ
< PITBULL MERCHANDISE PRIZE MIDLAND TX IVY SANCHEZ
< PITBULL MERCHANDISE PRIZE CONROE TX JENNIFER SAWYER
< PITBULL MERCHANDISE PRIZE CORPUS CHRISTI TX ESMERALDA SEVILLA
< PITBULL MERCHANDISE PRIZE CORPUS CHRISTI TX TIMOTHY SHATLEY
< PITBULL MERCHANDISE PRIZE KATY TX JAMES SHRUM
< PITBULL MERCHANDISE PRIZE CYPRESS TX DAMON SKELLY
< PITBULL MERCHANDISE PRIZE FORT WORTH TX ADRIAN SMITH
< PITBULL MERCHANDISE PRIZE PFLUGERVILLE TX JENNIFER SMITH
< PITBULL MERCHANDISE PRIZE GRAND PRAIRIE TX KHONG SOPHABMIXAYKHONG
< PITBULL MERCHANDISE PRIZE SAN ANTONIO TX CATALINA SOTO
< PITBULL MERCHANDISE PRIZE PEARLAND TX INEZ SOZA
< PITBULL MERCHANDISE PRIZE LANCASTER TX MARVIN STROUD
< PITBULL MERCHANDISE PRIZE FRESNO TX KEVIN SUGIARTO
< PITBULL MERCHANDISE PRIZE VICTORIA TX DARRELL TALLEY
< PITBULL MERCHANDISE PRIZE HIDALGO TX DORA TERAN
< PITBULL MERCHANDISE PRIZE DALLAS TX BETTY THOMAS
< PITBULL MERCHANDISE PRIZE SUGAR LAND TX LE-NGUYEN TRAN
< PITBULL MERCHANDISE PRIZE CORPUS CHRISTI TX KENNETH TREVINO
<  6 5 OF
<
---
> 8.25.2016DRAW 1,
> Prize TierLast NameCityStateFirst Name
> PITBULL MERCHANDISE PRIZECORPUS CHRISTITXSIDNEYNIXON
> PITBULL MERCHANDISE PRIZESAN ANTONIOTXCONNIENOCKER
> PITBULL MERCHANDISE PRIZEHOUSTONTXPETERNUZZO
> PITBULL MERCHANDISE PRIZESEYMOURTXAURORAORTEGA
> PITBULL MERCHANDISE PRIZECANYON LAKETXJUDYOSTEEN
> PITBULL MERCHANDISE PRIZETEXAS CITYTXDENNISPEDERSEN
> PITBULL MERCHANDISE PRIZESAN BENITOTXMARTHAPEREZ
> PITBULL MERCHANDISE PRIZEKILLEENTXWILLIAMPERRY
> PITBULL MERCHANDISE PRIZEARLINGTONTXPETERPETERS
> PITBULL MERCHANDISE PRIZEHOUSTONTXANTHONYPHIPPS
> PITBULL MERCHANDISE PRIZECORPUS CHRISTITXCALVINPHOENIX
> PITBULL MERCHANDISE PRIZEAUSTINTXJACINDAPOWELL
> PITBULL MERCHANDISE PRIZEMINERAL WELLSTXCRYSTALQUINTANA
> PITBULL MERCHANDISE PRIZEGARLANDTXJORDANRAJAMA
> PITBULL MERCHANDISE PRIZEODESSATXTERESAREEVES
> PITBULL MERCHANDISE PRIZEEL PASOTXROCIOREYES
> PITBULL MERCHANDISE PRIZEHOUSTONTXYVONNEREYNOSO
> PITBULL MERCHANDISE PRIZEBROWNSVILLETXABELRIOS
> PITBULL MERCHANDISE PRIZEHOUSTONTXRUSSELLROBERTS
> PITBULL MERCHANDISE PRIZEDEL RIOTXBELINDARODRIGUEZ
> PITBULL MERCHANDISE PRIZEFORT WORTHTXREGINAROG
> PITBULL MERCHANDISE PRIZEELMENDORFTXMARTINROSA
> PITBULL MERCHANDISE PRIZENEW BRAUNFELSTXLISARULE
> PITBULL MERCHANDISE PRIZESAN ANTONIOTXMICHAELRUSSO
> PITBULL MERCHANDISE PRIZEPOTTSBOROTXROMANSAENZ
> PITBULL MERCHANDISE PRIZELEANDERTXRICKYSAFER
> PITBULL MERCHANDISE PRIZESAN ANTONIOTXDORASALAS
> PITBULL MERCHANDISE PRIZEEDINBURGTXJUANSANCHEZ
> PITBULL MERCHANDISE PRIZEMIDLANDTXIVYSANCHEZ
> PITBULL MERCHANDISE PRIZECONROETXJENNIFERSAWYER
> PITBULL MERCHANDISE PRIZECORPUS CHRISTITXESMERALDASEVILLA
> PITBULL MERCHANDISE PRIZECORPUS CHRISTITXTIMOTHYSHATLEY
> PITBULL MERCHANDISE PRIZEKATYTXJAMESSHRUM
> PITBULL MERCHANDISE PRIZECYPRESSTXDAMONSKELLY
> PITBULL MERCHANDISE PRIZEFORT WORTHTXADRIANSMITH
> PITBULL MERCHANDISE PRIZEPFLUGERVILLETXJENNIFERSMITH
> PITBULL MERCHANDISE PRIZEGRAND PRAIRIETXKHONGSOPHABMIXAYKHONG
> PITBULL MERCHANDISE PRIZESAN ANTONIOTXCATALINASOTO
> PITBULL MERCHANDISE PRIZEPEARLANDTXINEZSOZA
> PITBULL MERCHANDISE PRIZELANCASTERTXMARVINSTROUD
> PITBULL MERCHANDISE PRIZEFRESNOTXKEVINSUGIARTO
> PITBULL MERCHANDISE PRIZEVICTORIATXDARRELLTALLEY
> PITBULL MERCHANDISE PRIZEHIDALGOTXDORATERAN
> PITBULL MERCHANDISE PRIZEDALLASTXBETTYTHOMAS
> PITBULL MERCHANDISE PRIZESUGAR LANDTXLE-NGUYENTRAN
> PITBULL MERCHANDISE PRIZECORPUS CHRISTITXKENNETHTREVINO
>  65 OF
>
262,290c262,290
< 8.25.2016 DRAW 1,
< Prize Tier Last Name City State First Name
< PITBULL MERCHANDISE PRIZE ALVARADO TX HENRY TRICE
< PITBULL MERCHANDISE PRIZE ARLINGTON TX ELIZABETH TYE
< PITBULL MERCHANDISE PRIZE DALLAS TX ANDRE TYLER
< PITBULL MERCHANDISE PRIZE SAN ANTONIO TX CANDELARIA VALADEZ
< PITBULL MERCHANDISE PRIZE KATY TX IRENE VALDEZ
< PITBULL MERCHANDISE PRIZE SAN ANTONIO TX GLORIA VASQUEZ
< PITBULL MERCHANDISE PRIZE CORPUS CHRISTI TX CYNTHIA VELASQUEZ
< PITBULL MERCHANDISE PRIZE SAN ANTONIO TX BEVERLY VENTURA
< PITBULL MERCHANDISE PRIZE BEAUMONT TX TRUDY VERDINE
< PITBULL MERCHANDISE PRIZE UNIVERDAL CITY TX ALFRED VILLAREAL
< PITBULL MERCHANDISE PRIZE GRAND PRAIRIE TX JUSTIN VOGEL
< PITBULL MERCHANDISE PRIZE PEARLAND TX INGRID WALKER
< PITBULL MERCHANDISE PRIZE DESOTO TX MARSHALL WASHINGTON
< PITBULL MERCHANDISE PRIZE AMARILLO TX SAM WATTS
< PITBULL MERCHANDISE PRIZE ARLINGTON TX SHARON WENZE
< PITBULL MERCHANDISE PRIZE PORT BOLIVAR TX AUDREY WERNER
< PITBULL MERCHANDISE PRIZE LITTLE RIVER TX TINA WHETSTONE
< PITBULL MERCHANDISE PRIZE CHARLOTTE TX ERIN WILKINS
< PITBULL MERCHANDISE PRIZE HOUSTON TX MICHAEL WILKINSON
< PITBULL MERCHANDISE PRIZE LUBBOCK TX LYNDA WILLIAMS
< PITBULL MERCHANDISE PRIZE CASTROVILLE TX SHEENA WILLIAMSON
< PITBULL MERCHANDISE PRIZE HOUSTON TX JAMES WINDLINGER
< PITBULL MERCHANDISE PRIZE HOUSTON TX DAVID ZAMARRIPA
< PITBULL MERCHANDISE PRIZE WESTWORTH TX JERRY ZASKODA
< PITBULL MERCHANDISE PRIZE TYLER TX CARLOS ZAVALA
< PITBULL MERCHANDISE PRIZE AUSTIN TX DEBORAH ZEDLER
<  6 6 OF
\ No newline at end of file
---
> 8.25.2016DRAW 1,
> Prize TierLast NameCityStateFirst Name
> PITBULL MERCHANDISE PRIZEALVARADOTXHENRYTRICE
> PITBULL MERCHANDISE PRIZEARLINGTONTXELIZABETHTYE
> PITBULL MERCHANDISE PRIZEDALLASTXANDRETYLER
> PITBULL MERCHANDISE PRIZESAN ANTONIOTXCANDELARIAVALADEZ
> PITBULL MERCHANDISE PRIZEKATYTXIRENEVALDEZ
> PITBULL MERCHANDISE PRIZESAN ANTONIOTXGLORIAVASQUEZ
> PITBULL MERCHANDISE PRIZECORPUS CHRISTITXCYNTHIAVELASQUEZ
> PITBULL MERCHANDISE PRIZESAN ANTONIOTXBEVERLYVENTURA
> PITBULL MERCHANDISE PRIZEBEAUMONTTXTRUDYVERDINE
> PITBULL MERCHANDISE PRIZEUNIVERDAL CITYTXALFREDVILLAREAL
> PITBULL MERCHANDISE PRIZEGRAND PRAIRIETXJUSTINVOGEL
> PITBULL MERCHANDISE PRIZEPEARLANDTXINGRIDWALKER
> PITBULL MERCHANDISE PRIZEDESOTOTXMARSHALLWASHINGTON
> PITBULL MERCHANDISE PRIZEAMARILLOTXSAMWATTS
> PITBULL MERCHANDISE PRIZEARLINGTONTXSHARONWENZE
> PITBULL MERCHANDISE PRIZEPORT BOLIVARTXAUDREYWERNER
> PITBULL MERCHANDISE PRIZELITTLE RIVERTXTINAWHETSTONE
> PITBULL MERCHANDISE PRIZECHARLOTTETXERINWILKINS
> PITBULL MERCHANDISE PRIZEHOUSTONTXMICHAELWILKINSON
> PITBULL MERCHANDISE PRIZELUBBOCKTXLYNDAWILLIAMS
> PITBULL MERCHANDISE PRIZECASTROVILLETXSHEENAWILLIAMSON
> PITBULL MERCHANDISE PRIZEHOUSTONTXJAMESWINDLINGER
> PITBULL MERCHANDISE PRIZEHOUSTONTXDAVIDZAMARRIPA
> PITBULL MERCHANDISE PRIZEWESTWORTHTXJERRYZASKODA
> PITBULL MERCHANDISE PRIZETYLERTXCARLOSZAVALA
> PITBULL MERCHANDISE PRIZEAUSTINTXDEBORAHZEDLER
>  66 OF
\ No newline at end of file