1,16c1,55
< Thai (Padauk) TIS-620
< •
< ท่านสามารถสํารองทีนังล่วงหน้าได้อย่างน้อย 6 ชัวโมงและนานสุด 11 เดือนก่อนวันเดินทาง ยกเว้น:
<     -
< การเดินทางภายในประเทศไทยและออกจากประเทศไทย ต้องสํารองทีนังก่อนการเดินทาง
<       อย่างน้อย
<       48 ชัวโมง สําหรับช่องทางการชําระเงิน ณ ตู้เอทีเอ็มของธนาคาร และ เคาน์เตอร์เซอร์วิส
<       24 ชัวโมง สําหรับช่องทางการชําระเงิน ณ จุดรับบริการชําระเงิน
< •   การบินไทยอนุญาตให้ผู้โดยสารจํานวนมากทีสุด 9 ท่านทําการสํารองทีนังร่วมกัน
< •   เทียวบินในเส้นทางถัดไป จะถูกยกเลิกโดยอัตโนมัติ หากท่านไม่แจ้งยกเลิกล่วงหน้าก่อนถึงวันเดินทาง
< การเป็นนักดืมทีใช
< ้ได้และเป็นมือเซียนอย่างแท้จริงนั2น ไม่ใช่อยู่ทีคอทองแดงซดไวน์ได้เป็นขวดๆ อย่าง
< หน้าตาเฉย หรือดืมได้เป็นโอ่งๆ โดยไม่รู้จักเมา หรือซ
< ื2อไวน์ขวดทีแพงกว่าใครจนตกเป็นข่าว
< แท้จริงคนรักไวน์ทีจะได้รับการคารวะให้เป็นจอมเมรัย หรือเป็นผู้รู้แจ้งเรืองไวน์ ก็คือผู้ทีดืมไวน์อย่างมีศิลปะ
< รู้จักโอกาสแห่งการดืม รู้จักแยกแยะกลินรสของเมรัยในแต่ละขวดซึงมีอยู่มากมาย
\ No newline at end of file
---
> Padu PaPadauk)  Paduk) 
> Padukd)d k 	d
> Puaud
> adu
> k	)uduk
>
> 	
> ua
> uuuPdu				u
> d uPd d!u" P#P
>
> $d" P#P%
> k 	d
> Pua
> ud uPd
>
> adu
> 
> 							)k 	d & a
> Pdd  	d u'%(
> P
> ))*
> +ud,d ,du-%
>  -.
>  - k
> 						)	)k 	d & a
> Pdd  	d u'$ && d  	d u
> 			d &uP
> u/d%!0(kd $	duu)dPk	PaduP	dd k 	d
> Pu a)u
> 			P&u!uk uPd"$(
> %u)%dPadu)a$ auda
> u1uuPdd ")uu)P!
> ")u)
> . u
> adP$ u2u)a! a
> (aP,
> P
> .u-")u*3
> adud%d4 
> )")u
> a3)a ($)d 
> .
> 2
> u-*P5ad!, $u%")u*adP$ ,u u-P$ &d ,d !")u$
> ))  
>
> ")u0( ($ 
> u-),
> 0(P)u-
> ad)#" ($
> dkad ) ($u k*
> ) !u%a
> *.1)
> (a)d)d
\ No newline at end of file