15,16c15,16
< -beschäftigungsloser bzw. arbeitsmarktferner Menschen verschrieben haben. Die Interessenvertretung repräsentiert 53 Betriebe und Beratungseinrichtungen, hinter denen 32 Trägerorganisationen stehen.Auf Basis seiner starken Vernetzung bietet der DSE-Wien Expertise in Belangen der aktiven Arbeitsmarktpolitik
< und ist mit seinen Mitgliedern Ansprechpartner für Fördergeber, Politik, Wissenschaft,
---
> -beschäftigungsloser bzw. arbeitsmarktferner Menschen verschrieben haben. Die Interessenvertretung repräsentiert 53 Betriebe und Beratungseinrichtungen, hinter denen 32 Trägerorganisationen stehen.Auf Basis seiner starken Vernetzung bietet der DSE-Wien Expertise in Belangen der aktiven Arbeits-
> marktpolitik und ist mit seinen Mitgliedern Ansprechpartner für Fördergeber, Politik, Wissenschaft,
102,103c102,103
< Durch befristete Beschäftigung im Recycling und in der Wiederverwendung von Elektrogeräten erhalten
< Arbeit suchende Menschen die Chance, in ein geregeltes Arbeitsleben zurückzufinden.D.R.Z - Demontage- und Recycling-Zentrum ist Mitglied des DSE-Wien.
---
> Durch befristete Beschäftigung im Recycling und in der Wiederverwendung von Elektrogeräten er-
> halten Arbeit suchende Menschen die Chance, in ein geregeltes Arbeitsleben zurückzufinden.D.R.Z - Demontage- und Recycling-Zentrum ist Mitglied des DSE-Wien.
128,130c128,130
< giges
< Tages-á-la-carte Gericht und ein Wochengericht, sowie eine reiche Auswahl an á-la-carteSpeisen
< und abwechslungsreiche Kaffeekreationen mit dem Michl’s Gugelhupf.Dem Michl’s-Team ist es ein Anliegen, bei der Zubereitung auf Fair Trade Produkte zu achten und nachhaltig zu agieren. Das Michl’s ist als ÖkoBusinessPlan-Betrieb ausgezeichnet.
---
> -
> giges Tages-á-la-carte Gericht und ein Wochengericht, sowie eine reiche Auswahl an á-la-carte-
> Speisen und abwechslungsreiche Kaffeekreationen mit dem Michl’s Gugelhupf.Dem Michl’s-Team ist es ein Anliegen, bei der Zubereitung auf Fair Trade Produkte zu achten und nachhaltig zu agieren. Das Michl’s ist als ÖkoBusinessPlan-Betrieb ausgezeichnet.
248,250c248,251
< lanergasse
< 11, 1040 Wien. Bei Eignung: Zuweisung zum Arbeitstraining an einen der drei Standorte.
< Den BewerberInnen steht es zudem frei, sich für einen der beiden Bereiche (Handwerk oder
---
> -
> lanergasse 11, 1040 Wien. Bei Eignung: Zuweisung zum Arbeitstraining an einen der drei Stand-
>
> orte. Den BewerberInnen steht es zudem frei, sich für einen der beiden Bereiche (Handwerk oder
313c314
<       dyson@volkshilfe-beschaeftigung.atfinungsz.
---
>     dyson@volkshilfe-beschaeftigung.atfinungsz.
318c319
<       U1 (Aderklaaerstraße)HYGIENESERVICEHolzmanngasse 5, 1210 WienKontakt
---
>     U1 (Aderklaaerstraße)HYGIENESERVICEHolzmanngasse 5, 1210 WienKontakt
357,359c358,360
< Aufbruch zu mehr ist eine Beratungs- und Betreuungseinrichtung für Personen, die beim AMS Wien vorgemerkt
< sind und eine geringfügige Beschäftigung haben, sowie Personen mit besonderem Betreuungsbedarf
< und individueller Unterstützung.
---
> Aufbruch zu mehr ist eine Beratungs- und Betreuungseinrichtung für Personen, die beim AMS Wien vor-
> gemerkt sind und eine geringfügige Beschäftigung haben, sowie Personen mit besonderem Betreuungs-
> bedarf und individueller Unterstützung.
372,377c373,379
< und Beratungseinrichtungen. Als Partner des Arbeitsmarktservice Österreich setzten wir die vereinbarten
< arbeitsmarktpolitischen Ziele um. Durch neue und innovative Konzepte werden wichtige Im
< pulse
< am Arbeitsmarkt gesetzt. Unser Erfolgskonzept beruht auf unserer Nähe zur Wirtschaft, un
< seren
< kompetenten MitarbeiterInnen, sowie unserer Methodik der Vermittlung von Beschäftigung.
---
> und Beratungseinrichtungen. Als Partner des Arbeitsmarktservice Österreich setzten wir die verein-
>
> barten arbeitsmarktpolitischen Ziele um. Durch neue und innovative Konzepte werden wichtige Im
> -
> pulse am Arbeitsmarkt gesetzt. Unser Erfolgskonzept beruht auf unserer Nähe zur Wirtschaft, un
> -
> seren kompetenten MitarbeiterInnen, sowie unserer Methodik der Vermittlung von Beschäftigung.
390,392c392,394
<  Vernetzung mit den firmeninternen
< Projekten und Unterstützung
< bei der Besetzung
---
>  Vernetzung mit den firmen-
> internen Projekten und Unter-
> stützung bei der Besetzung
423,424c425,426
< dividuum.
< Dadurch fühlen wir uns verpflichtet, Menschen bei der Suche nach ihren individuellen
---
> -
> dividuum. Dadurch fühlen wir uns verpflichtet, Menschen bei der Suche nach ihren individuellen
427,428c429,430
< deren
< europäischen Ländern durch.Für die BBE Deutsch, mit der Zielgruppe max. Pflichtschule und den Berufswünschen Gastgewerbe, Büro, Handel, Gesundheit, ist ppc training an drei Standorten von Kursträgern tätig.
---
> -
> deren europäischen Ländern durch.Für die BBE Deutsch, mit der Zielgruppe max. Pflichtschule und den Berufswünschen Gastgewerbe, Büro, Handel, Gesundheit, ist ppc training an drei Standorten von Kursträgern tätig.
451c453,455
< gesellschaftliche Veränderungen mit adäquaten Angeboten und fungiert als Netzwerk und Kooperationsstelle.
---
> gesellschaftliche Veränderungen mit adäquaten Angeboten und fungiert als Netzwerk und Koopera-
>
> tionsstelle.
514,515c518,519
< wahl
< und Lehrstellensuche sowie bei Fragen zu Gefühlen, Schwangerschaft, Gewalterfahrungen u.a.
---
> -
> wahl und Lehrstellensuche sowie bei Fragen zu Gefühlen, Schwangerschaft, Gewalterfahrungen u.a.
551,552c555,556
< schen,
< Menschen mit Beeinträchtigungen und Menschen mit weiterem Unterstützungsbedarf durch
---
> -
> schen, Menschen mit Beeinträchtigungen und Menschen mit weiterem Unterstützungsbedarf durch
580,581c584,585
< Beim AMS vorgemerkte BezieherInnen der Bedarfsorientierten Mindestsicherung sowie arbeitsmarktferne,
< langzeitarbeitslose Männer und Frauen, im Alter zwischen 21 und 64 Jahren aus den Wiener Bezirken 12 + 23.
---
> Beim AMS vorgemerkte BezieherInnen der Bedarfsorientierten Mindestsicherung sowie arbeitsmarkt-
>  ferne, langzeitarbeitslose Männer und Frauen, im Alter zwischen 21 und 64 Jahren aus den Wiener Bezirken 12 + 23.
595,596c599,600
< rückgreifen.
< So können wir unseren TeilnehmerInnen die bestmögliche Unterstützung rund um den
---
> -
> rückgreifen. So können wir unseren TeilnehmerInnen die bestmögliche Unterstützung rund um den
627,628c631,633
< Universität Wien, darauf ausgerichtet, Wissen und Kompetenzen der Universität aktiv mit der Berufswelt
< und der Gesellschaft zu verflechten, Kooperationen mit Unternehmen und Institutionen aller   Branchen zu initiieren und tragfähige Brücken in beide Richtungen zu bauen. Das engagierte Team verfügt über hohe fachliche Kompetenz, gepaart mit Ideenreichtum, um direkte Verbindungen zwischen dem akademischen Nachwuchs und dem Arbeitsmarkt herzustellen.
---
> Universität Wien, darauf ausgerichtet, Wissen und Kompetenzen der Universität aktiv mit der Berufs-
>
> welt und der Gesellschaft zu verflechten, Kooperationen mit Unternehmen und Institutionen aller   Branchen zu initiieren und tragfähige Brücken in beide Richtungen zu bauen. Das engagierte Team verfügt über hohe fachliche Kompetenz, gepaart mit Ideenreichtum, um direkte Verbindungen zwischen dem akademischen Nachwuchs und dem Arbeitsmarkt herzustellen.
653,654c658,659
< fassende
< Informationen zu arbeitsmarktrelevanten Fragen behandelt. Wir beraten zu Burnout Prävention und bei Burnout und unterstützen bei der Erhaltung und Förderung psychischer Stabilität in schwierigen Lebens- und Arbeitsphasen.Im Angebot für junge Frauen erhalten die Kundinnen Infos zur Rechts- und Wohnsituation, zu Berufs
---
> -
> fassende Informationen zu arbeitsmarktrelevanten Fragen behandelt. Wir beraten zu Burnout Prävention und bei Burnout und unterstützen bei der Erhaltung und Förderung psychischer Stabilität in schwierigen Lebens- und Arbeitsphasen.Im Angebot für junge Frauen erhalten die Kundinnen Infos zur Rechts- und Wohnsituation, zu Berufs
723,724c728,729
< -bote sozialintegrativer Unternehmen und Beratungseinrichtungen in Wien informiert, an Sie wenden zu dürfen.Mein Ressort war in den letzten Jahren sehr intensiv bemüht, ein umfangreiches Angebot an Maßnahmen
< des Regierungsprogramms einerseits zur Verbesserung der Situation von Menschen, die
---
> -bote sozialintegrativer Unternehmen und Beratungseinrichtungen in Wien informiert, an Sie wenden zu dürfen.Mein Ressort war in den letzten Jahren sehr intensiv bemüht, ein umfangreiches Angebot an Maß-
> nahmen des Regierungsprogramms einerseits zur Verbesserung der Situation von Menschen, die
726,727c731,733
< mit Behinderung in den offenen Arbeitsmarkt zu realisieren. Vor allem auch durch die Beschäftigungsoffensive
< der Bundesregierung wurden zusätzliche Mittel zur Förderung der beruichen
---
> mit Behinderung in den offenen Arbeitsmarkt zu realisieren. Vor allem auch durch die Beschäfti-
>
> gungsoffensive der Bundesregierung wurden zusätzliche Mittel zur Förderung der beruichen
736,737c742,743
< Phasen von Krankheit, Rehabilitation, Arbeitslosigkeit.Ich danke abschließend allen Mitarbeiterinnen und Mitarbeitern sowie allen Leitkräften in den jeweiligen
< Einzelorganisationen der sozial-ökonomischen Einrichtungen  sowie auch den KollegInnen im
---
> Phasen von Krankheit, Rehabilitation, Arbeitslosigkeit.Ich danke abschließend allen Mitarbeiterinnen und Mitarbeitern sowie allen Leitkräften in den jewei-
> ligen Einzelorganisationen der sozial-ökonomischen Einrichtungen  sowie auch den KollegInnen im
739,740c745,746
< den
< Herausforderungen viel Kraft und Erfolg!Sozialminister Rudolf Hundstorfer
---
> -
> den Herausforderungen viel Kraft und Erfolg!Sozialminister Rudolf Hundstorfer
837,839c843,845
< Mit seinen vielfältigen Angeboten trägt FAB wesentlich zu einer erfolgreichen Arbeitsmarktpolitik in Österreich
< bei. Er verfügt über jahrzehntelange Erfahrung auf dem Gebiet der Arbeitsintegration von Menschen
< mit sozialen und/oder körperlichen Beeinträchtigungen. Er unterstützt Menschen beim Zugang zum
---
> Mit seinen vielfältigen Angeboten trägt FAB wesentlich zu einer erfolgreichen Arbeitsmarktpolitik in Öster-
> reich bei. Er verfügt über jahrzehntelange Erfahrung auf dem Gebiet der Arbeitsintegration von Men-
> schen mit sozialen und/oder körperlichen Beeinträchtigungen. Er unterstützt Menschen beim Zugang zum
841,842c847,849
< Beeinträchtigungen und Menschen mit weiterem Unterstützungsbedarf durch maßgeschneiderte Angebote
< und bietet ihnen so die nötigen Voraussetzungen für eine erfolgreiche Integration
---
> Beeinträchtigungen und Menschen mit weiterem Unterstützungsbedarf durch maßgeschneiderte Ange-
>
> bote und bietet ihnen so die nötigen Voraussetzungen für eine erfolgreiche Integration
909,910c916,917
< Unterstützung bei der Jobsuche. Durch individuelle Potenzialanalysen werden gemeinsam mit den MitarbeiterInnen
< berufliche Ziele und Qualifizierungsmöglichkeiten erarbeitet und auf Umsetzung geprüft.
---
> Unterstützung bei der Jobsuche. Durch individuelle Potenzialanalysen werden gemeinsam mit den Mit-
> arbeiterInnen berufliche Ziele und Qualifizierungsmöglichkeiten erarbeitet und auf Umsetzung geprüft.
987,988c994,996
< Wir bieten Transitarbeitskräften ein befristetes Dienstverhältnis über 7 Monate. Ziel ist die Wiedereingliederung
< in den regulären Arbeitsmarkt.Unser Betrieb bietet begleitende Maßnahmen zur beruflichen Integration:
---
> Wir bieten Transitarbeitskräften ein befristetes Dienstverhältnis über 7 Monate. Ziel ist die Wieder-
>
> eingliederung in den regulären Arbeitsmarkt.Unser Betrieb bietet begleitende Maßnahmen zur beruflichen Integration:
1113,1114c1121,1122
< Die Volkshilfe Beschäftigung ist mit der Durchführung der BBE Deutsch für die Zielgruppe der Arbeitssuchenden,
< die „maximal Pflichtschule haben und in den Bereichen Reinigung, Lager, Bau“ einen Job suchen, betraut.Wie läuft dieses Projekt ab? Arbeitsuchende Menschen mit Migrationshintergrund haben die Möglichkeit, ein Österreichisches Sprachdiplom (ÖSD) zu erreichen. Das AMS bucht arbeitsuchend gemeldete Personen in einen Deutschkurs zu. Diese Deutschkurse werden von Instituten mit um-fangreicher Erfahrung in der Erwachsenenbildung abgehalten. Am Ende des Kurses treten die Deutschkursteilnehmenden zur ÖSD-Prüfung an.
---
> Die Volkshilfe Beschäftigung ist mit der Durchführung der BBE Deutsch für die Zielgruppe der Arbeits-
>  suchenden, die „maximal Pflichtschule haben und in den Bereichen Reinigung, Lager, Bau“ einen Job suchen, betraut.Wie läuft dieses Projekt ab? Arbeitsuchende Menschen mit Migrationshintergrund haben die Möglichkeit, ein Österreichisches Sprachdiplom (ÖSD) zu erreichen. Das AMS bucht arbeitsuchend gemeldete Personen in einen Deutschkurs zu. Diese Deutschkurse werden von Instituten mit um-fangreicher Erfahrung in der Erwachsenenbildung abgehalten. Am Ende des Kurses treten die Deutschkursteilnehmenden zur ÖSD-Prüfung an.
1122,1124c1130,1134
< Die Volkshilfe Beschäftigung wurde 1997 gemeinsam von der Volkshilfe Österreich und der Volkshilfe
< Wien gegründet. Volkshilfe Beschäftigung ist ein gemeinnütziger Verein mit dem Ziel, arbeitslose
< Männer und Frauen nachhaltig in den Arbeitsmarkt zu integrieren.Wir verbinden soziale und ökonomische Prinzipien in modernen Betriebsstrukturen und Beratungs- einrichtungen. Wir bieten praktische und theoretische fachliche Qualifizierung, begleitende psycho
---
> Die Volkshilfe Beschäftigung wurde 1997 gemeinsam von der Volkshilfe Österreich und der Volks-
>
> hilfe Wien gegründet. Volkshilfe Beschäftigung ist ein gemeinnütziger Verein mit dem Ziel, arbeits-
>
> lose Männer und Frauen nachhaltig in den Arbeitsmarkt zu integrieren.Wir verbinden soziale und ökonomische Prinzipien in modernen Betriebsstrukturen und Beratungs- einrichtungen. Wir bieten praktische und theoretische fachliche Qualifizierung, begleitende psycho
1160,1161c1170,1171
< tungszentrum
< mit der Frauenberatung eine eigene frauenspezifische Einrichtung.The counselling centre for immigrants was founded in 1983. Since January 1993 it provides a spe
---
> -
> tungszentrum mit der Frauenberatung eine eigene frauenspezifische Einrichtung.The counselling centre for immigrants was founded in 1983. Since January 1993 it provides a spe
1225,1226c1235,1236
< In Wien gemeldete Frauen, die arbeitslos gemeldet sind, mit dem Ziel der nachhaltigen Beschäftigung
< auf dem Arbeitsmarkt. Durch kompetente BeraterInnen erfolgt ein Brückenschlag zwischen den Kulturen. Unser Firmennetzwerk bietet die Möglichkeit der Zusammenführung von diversitäts- offenen ArbeitsgeberInnen mit unseren Kundinnen.
---
> In Wien gemeldete Frauen, die arbeitslos gemeldet sind, mit dem Ziel der nachhaltigen Beschäfti-
>  gung auf dem Arbeitsmarkt. Durch kompetente BeraterInnen erfolgt ein Brückenschlag zwischen den Kulturen. Unser Firmennetzwerk bietet die Möglichkeit der Zusammenführung von diversitäts- offenen ArbeitsgeberInnen mit unseren Kundinnen.
1307,1309c1317,1320
< lichem
< Know How auf dem Weg (zurück) in die Arbeitswelt zur Seite. Die Betreuung umfasst einerseits
< regelmßige Einzelgespräche und andererseits die Teilnahme an bedarfsorientierten Work -shops. Diese werden von unseren ExpertenInnen zu den Themen Bewerbung, Sprachen, ALVG, Persönlichkeitsentwicklung, Medienkompetenz und Gesundheit durchgeführt. Das Ziel ist es, in wertschätzender Atmosphäre durch Einzelfall-Case-Management gemeinsam Problemlösungen bei Vermittlungshemmnissen zu erarbeiten, aktive Bewerbungsunterstützung anzubieten, entsprechend Talente, Fähigkeiten und Ressourcen zu fördern, um den Einstieg in den 1. oder 2. Arbeitsmarkt zu schaffen, bzw. einen Integrationsvorschlag am Ende der Betreuungszeit abgeben zu können.
---
> -
> lichem Know How auf dem Weg (zurück) in die Arbeitswelt zur Seite. Die Betreuung umfasst einer-
>
> seits regelmßige Einzelgespräche und andererseits die Teilnahme an bedarfsorientierten Work -shops. Diese werden von unseren ExpertenInnen zu den Themen Bewerbung, Sprachen, ALVG, Persönlichkeitsentwicklung, Medienkompetenz und Gesundheit durchgeführt. Das Ziel ist es, in wertschätzender Atmosphäre durch Einzelfall-Case-Management gemeinsam Problemlösungen bei Vermittlungshemmnissen zu erarbeiten, aktive Bewerbungsunterstützung anzubieten, entsprechend Talente, Fähigkeiten und Ressourcen zu fördern, um den Einstieg in den 1. oder 2. Arbeitsmarkt zu schaffen, bzw. einen Integrationsvorschlag am Ende der Betreuungszeit abgeben zu können.
1312,1313c1323,1324
< dungs-
< und Projektträger, zu dessen wichtigsten Auftraggebern Arbeitsmarktservice-Organisationen
---
> -
> dungs- und Projektträger, zu dessen wichtigsten Auftraggebern Arbeitsmarktservice-Organisationen
1316,1317c1327,1328
< führung
< von Aus- und Weiterbildungs-, Qualifizierungsangeboten sowie Betreuungs- und Entwick -lungs-Projekten für arbeitsuchende und berufstätige Personen als auch für Institutionen und Un-ternehmen national und international. BEST unterstützt:
---
> -
> führung von Aus- und Weiterbildungs-, Qualifizierungsangeboten sowie Betreuungs- und Entwick -lungs-Projekten für arbeitsuchende und berufstätige Personen als auch für Institutionen und Un-ternehmen national und international. BEST unterstützt:
1401,1404c1412,1415
< gen
< in den Lebensbereichen Arbeit, Wohnen und Freizeit sowie Unterstützung für selbsthilfeorien
< tierte
< Projekte.pro mente – Betroffene beraten Betroffene ist Mitglied des DSE-Wien.
---
> -
> gen in den Lebensbereichen Arbeit, Wohnen und Freizeit sowie Unterstützung für selbsthilfeorien
> -
> tierte Projekte.pro mente – Betroffene beraten Betroffene ist Mitglied des DSE-Wien.
1492,1493c1503,1504
< tigungsförderung
< durch den Zweiten Arbeitsmarkt insbesondere auch für ältere Arbeitsuchende
---
> -
> tigungsförderung durch den Zweiten Arbeitsmarkt insbesondere auch für ältere Arbeitsuchende
1516,1517c1527,1528
< schen
< dabei, eine passende Arbeitsstelle zu finden und diese langfristig zu behalten.Gemeinsam mit 1.000en Partnerunternehmen, die arbeitssuchenden Menschen eine Chance in ihrem Betrieb geben, setzt Job-TransFair auf gemeinnütziges Integrationsleasing. Das bedeutet, dass Job-TransFair die Arbeitssuchenden anstellt und maximal 12 Monate zu geförderten Bedingungen an ein Partnerunternehmen überlässt. Für Personen, die nicht mehr länger als 3,5 Jahre bis zu ihrem Pensionsantritt haben, kann sich das Dienstverhältnis über diesen gesamten Zeitraum erstrecken.Bisher wurden so mehr als 8.000 Personen FAIRmittelt!
---
> -
> schen dabei, eine passende Arbeitsstelle zu finden und diese langfristig zu behalten.Gemeinsam mit 1.000en Partnerunternehmen, die arbeitssuchenden Menschen eine Chance in ihrem Betrieb geben, setzt Job-TransFair auf gemeinnütziges Integrationsleasing. Das bedeutet, dass Job-TransFair die Arbeitssuchenden anstellt und maximal 12 Monate zu geförderten Bedingungen an ein Partnerunternehmen überlässt. Für Personen, die nicht mehr länger als 3,5 Jahre bis zu ihrem Pensionsantritt haben, kann sich das Dienstverhältnis über diesen gesamten Zeitraum erstrecken.Bisher wurden so mehr als 8.000 Personen FAIRmittelt!
1555,1557c1566,1569
< In den Bereichen Veranstaltungsgastronomie und Betriebsrestaurant erhalten arbeitsmarktferne Menschen
< mit psychischen Erkrankungen die Möglichkeit zur fachlichen Qualifikation und Weiterbildung als gastronomische Fach- und Hilfskräfte, Reinigungspersonal, Lager-Hilfskräfte sowie in den Bereichen
< Verkauf und Büro.
---
> In den Bereichen Veranstaltungsgastronomie und Betriebsrestaurant erhalten arbeitsmarktferne Men-
> schen mit psychischen Erkrankungen die Möglichkeit zur fachlichen Qualifikation und Weiterbildung als gastronomische Fach- und Hilfskräfte, Reinigungspersonal, Lager-Hilfskräfte sowie in den Berei-
>
> chen Verkauf und Büro.
1590,1591c1602,1603
< Im Foyer des Pflegewohnhauses Leopoldstadt verwöhnt das Michl’s Café generationenübergreifend
< BewohnerInnen, MitarbeiterInnen und BesucherInnen mit ausgesuchten Wiener Mehlspeisen, Kaffeespezialitäten, Snacks und Erfrischungen.
---
> Im Foyer des Pflegewohnhauses Leopoldstadt verwöhnt das Michl’s Café generationenübergrei-
>  fend BewohnerInnen, MitarbeiterInnen und BesucherInnen mit ausgesuchten Wiener Mehlspeisen, Kaffeespezialitäten, Snacks und Erfrischungen.
1698,1699c1710,1711
< nisse
< psychisch schwer erkrankter Menschen. Wir verstehen uns als eine Rehabilitationseinrichtung, in der die
---
> -
> nisse psychisch schwer erkrankter Menschen. Wir verstehen uns als eine Rehabilitationseinrichtung, in der die
1815,1816c1827,1828
< TeilnehmerInnen an Deutschkursen für die Zielgruppen MaturantInnen, AkademikerInnen und Führungskräfte,
< Personen mit abgeschlossener mittlerer Schule oder Lehrabschluss sowie Personen mit max. Pflichtschulabschluss im Bereich Reinigung, Lager, Bau und Baunebengewerbe, die an den Kursstandorten von bit Schulungscenter (1230 Wien, Liesinger-Flur-Gasse 2c) und update training (1200 Wien, Dresdner Straße 108) stattfinden. Durch das Beratungs- und Förderangebot vor Ort sollen die KursteilnehmerInnen bei der Erreichung des Kursziels (positive ÖSD-Prüfung) unterstützt werden. Die Angebote der BBE-Deutsch sind sowohl Beratung in beruflichen und persönlichen Angelegenheiten als auch Lernförderung (Konversations
---
> TeilnehmerInnen an Deutschkursen für die Zielgruppen MaturantInnen, AkademikerInnen und Füh-
>  rungskräfte, Personen mit abgeschlossener mittlerer Schule oder Lehrabschluss sowie Personen mit max. Pflichtschulabschluss im Bereich Reinigung, Lager, Bau und Baunebengewerbe, die an den Kursstandorten von bit Schulungscenter (1230 Wien, Liesinger-Flur-Gasse 2c) und update training (1200 Wien, Dresdner Straße 108) stattfinden. Durch das Beratungs- und Förderangebot vor Ort sollen die KursteilnehmerInnen bei der Erreichung des Kursziels (positive ÖSD-Prüfung) unterstützt werden. Die Angebote der BBE-Deutsch sind sowohl Beratung in beruflichen und persönlichen Angelegenheiten als auch Lernförderung (Konversations
1857,1858c1869,1870
< stelle
< für MigrantInnen in Wien zu arbeitsmarkt-politischen, ausländerInnen- und sozialrechtlichen
---
> -
> stelle für MigrantInnen in Wien zu arbeitsmarkt-politischen, ausländerInnen- und sozialrechtlichen
1860,1862c1872,1875
< nenwissen.
< Das Beratungszentrum besteht seit 1983 und ist eine der ältesten und grßten Beratungseinrichtungen
< in Österreich. The counselling centre for immigrants represents an important and independent contact point for im-migrants in Vienna. The main concerns are labour-market policy as well as immigration law and so
---
> -
> nenwissen. Das Beratungszentrum besteht seit 1983 und ist eine der ältesten und grßten Beratungs-
>
> einrichtungen in Österreich. The counselling centre for immigrants represents an important and independent contact point for im-migrants in Vienna. The main concerns are labour-market policy as well as immigration law and so
1894,1895c1907,1908
< beratung
< in Hinblick auf die Suche nach einer geeigneten Stelle. Erfahrene BeraterInnen gehen
---
> -
> beratung in Hinblick auf die Suche nach einer geeigneten Stelle. Erfahrene BeraterInnen gehen
1904,1905c1917,1918
< move-ment unterstützt seit 2002 Unternehmen und arbeitsuchende Personen zu Themen der Arbeitswelt,
< die den gesamten beruflichen Arbeitslebenszyklus umfassen. Schwerpunkte sind dabei „Arbeit und Alter“ sowie gesellschaftliche und unternehmensbezogene Herausforderungen im Zuge der demografischen Entwicklung. Basierend auf Vorerfahrungen werden laufend innovative Projekte, die sich an den neuesten wissen-schaftlichen Erkenntnissen orientieren, konzipiert und qualitätsvoll umgesetzt. Dabei stehen Men-schen und Organisationen mit ihrer persönlichen, personellen und wirtschaftlichen Veränderungs- prozessen im Mittelpunkt des Interesses.
---
> move-ment unterstützt seit 2002 Unternehmen und arbeitsuchende Personen zu Themen der Arbeits-
>  welt, die den gesamten beruflichen Arbeitslebenszyklus umfassen. Schwerpunkte sind dabei „Arbeit und Alter“ sowie gesellschaftliche und unternehmensbezogene Herausforderungen im Zuge der demografischen Entwicklung. Basierend auf Vorerfahrungen werden laufend innovative Projekte, die sich an den neuesten wissen-schaftlichen Erkenntnissen orientieren, konzipiert und qualitätsvoll umgesetzt. Dabei stehen Men-schen und Organisationen mit ihrer persönlichen, personellen und wirtschaftlichen Veränderungs- prozessen im Mittelpunkt des Interesses.
2023,2024c2036,2038
< Personalrestrukturierungsmaßnahmen der Steyr Daimler Puch AG gegründet, um die Veränderungsprozesse
< in der Arbeitswelt zu begleiten und sowohl für die einzelnen ArbeiterInnen als auch für die
---
> Personalrestrukturierungsmaßnahmen der Steyr Daimler Puch AG gegründet, um die Veränderungs-
>
> prozesse in der Arbeitswelt zu begleiten und sowohl für die einzelnen ArbeiterInnen als auch für die
2069,2070c2083,2084
< Das TU Career Center ist als 100%-ige Tochter der TU Wien direkt an Österreichs grßter Bildungsund
< Forschungseinrichtung für technische und technisch-naturwissenschaftliche Studienrichtungen
---
> Das TU Career Center ist als 100%-ige Tochter der TU Wien direkt an Österreichs grßter Bildungs-
> und Forschungseinrichtung für technische und technisch-naturwissenschaftliche Studienrichtungen
2101,2102c2115,2116
< schen,
< Menschen mit Beeinträchtigungen und Menschen mit weiterem Unterstützungsbedarf durch
---
> -
> schen, Menschen mit Beeinträchtigungen und Menschen mit weiterem Unterstützungsbedarf durch
2137,2140c2151,2154
< nen
< bei ihrer sozialen Integration zu unterstützen. Das Ziel ist die Selbstorganisation unserer Teilneh
< merInnen
< am österreichischen Arbeitsmarkt.UKI ist Mitglied des DSE-Wien.
---
> -
> nen bei ihrer sozialen Integration zu unterstützen. Das Ziel ist die Selbstorganisation unserer Teilneh
> -
> merInnen am österreichischen Arbeitsmarkt.UKI ist Mitglied des DSE-Wien.
2161,2162c2175,2176
< Wien braucht die Sozialintegrativen Unternehmen. Den Job zu verlieren, arbeitslos zu werden: Das trifft derzeit viele Menschen. Mit unserer Unterstützung
< ndet jeder vierte innerhalb von drei Monaten eine neue Beschäftigung, jeder dritte innerhalb eines halben Jahres. Unser besonders Augenmerk gehört aber jenen Menschen, die länger als 6 Mon-ate, mitunter länger als ein Jahr arbeitslos sind. Auf sie konzentrieren wir unsere Unterstützungsange
---
> Wien braucht die Sozialintegrativen Unternehmen. Den Job zu verlieren, arbeitslos zu werden: Das trifft derzeit viele Menschen. Mit unserer Unterstüt-
>  zung ndet jeder vierte innerhalb von drei Monaten eine neue Beschäftigung, jeder dritte innerhalb eines halben Jahres. Unser besonders Augenmerk gehört aber jenen Menschen, die länger als 6 Mon-ate, mitunter länger als ein Jahr arbeitslos sind. Auf sie konzentrieren wir unsere Unterstützungsange
2168,2169c2182,2183
< -pen erreichen: den Über-50-Jährigen wie auch das jugendliche Mädchen, die Migrantin wie den BMS-Bezieher, den Mann mit gesundheitlichen Problemen, die Frau mit Schulden. Diese Einrichtun-gen schaffen den vertraulichen Rahmen, in dem ihre Probleme angesprochen werden können, sie informieren, beraten und begleiten durch schwierige Lebensphasen und, wo das nötig ist, auch über mehrere Monate hinweg. Zum anderen braucht es auch die Sozialökonomischen Betriebe, den sogenannten zweiten Arbeitsmarkt.
< Er macht es möglich, Junge wie auch Ältere behutsam wieder an die Arbeitswelt, an höhere
---
> -pen erreichen: den Über-50-Jährigen wie auch das jugendliche Mädchen, die Migrantin wie den BMS-Bezieher, den Mann mit gesundheitlichen Problemen, die Frau mit Schulden. Diese Einrichtun-gen schaffen den vertraulichen Rahmen, in dem ihre Probleme angesprochen werden können, sie informieren, beraten und begleiten durch schwierige Lebensphasen und, wo das nötig ist, auch über mehrere Monate hinweg. Zum anderen braucht es auch die Sozialökonomischen Betriebe, den sogenannten zweiten Arbeits-
> markt. Er macht es möglich, Junge wie auch Ältere behutsam wieder an die Arbeitswelt, an höhere
2172,2173c2186,2187
< -sein, das nötig ist, um sich einen Job im ersten Arbeitsmarkt zuzutrauen  und bei vielen Menschen auch die Motivation, zu lernen und einen höheren Abschluss anzustreben.Jährlich ermöglicht das AMS Wien mehr als 3.000 Wienerinnen und Wienern, durch einen Sozialökonomischen
< Betrieb wieder in den ersten Arbeitsmarkt zurückzukehren. Die Beratungs- und
---
> -sein, das nötig ist, um sich einen Job im ersten Arbeitsmarkt zuzutrauen  und bei vielen Menschen auch die Motivation, zu lernen und einen höheren Abschluss anzustreben.Jährlich ermöglicht das AMS Wien mehr als 3.000 Wienerinnen und Wienern, durch einen Sozial-
> ökonomischen Betrieb wieder in den ersten Arbeitsmarkt zurückzukehren. Die Beratungs- und
2183,2184c2197,2198
< Seit der Gründung im Jahr 2005 beraten und begleiten wir bei itworks Arbeit suchende Menschen bei ihrem (Wieder-)Einstieg in die Erwerbstätigkeit.itworks Personalservice und Beratung gemeinnützige GmbH ist in 6 Bundesländern im Einsatz und be-schäftigt rund 200 MitarbeiterInnen in 10 Projekten. Im Auftrag des Arbeitsmarktservice bieten wir im Rahmen eines gemeinnützigen Integrationsleasings Jobvermittlung und Beratung an und unterstützen beschäftigungslose Menschen dabei, wieder nachhaltig im Arbeitsmarkt Fuß zu fassen. Dabei arbeiten
< wir sehr eng mit Partnerunternehmen aus den unterschiedlichsten Branchen zusammen, die offen dafür sind, am Arbeitsmarkt benachteiligten Menschen eine Chance zu geben.
---
> Seit der Gründung im Jahr 2005 beraten und begleiten wir bei itworks Arbeit suchende Menschen bei ihrem (Wieder-)Einstieg in die Erwerbstätigkeit.itworks Personalservice und Beratung gemeinnützige GmbH ist in 6 Bundesländern im Einsatz und be-schäftigt rund 200 MitarbeiterInnen in 10 Projekten. Im Auftrag des Arbeitsmarktservice bieten wir im Rahmen eines gemeinnützigen Integrationsleasings Jobvermittlung und Beratung an und unterstützen beschäftigungslose Menschen dabei, wieder nachhaltig im Arbeitsmarkt Fuß zu fassen. Dabei arbei-
>  ten wir sehr eng mit Partnerunternehmen aus den unterschiedlichsten Branchen zusammen, die offen dafür sind, am Arbeitsmarkt benachteiligten Menschen eine Chance zu geben.
2228,2231c2242,2245
< merInnen
< in ein Dienstverhältnis am ersten Arbeitsmarkt gefördert. So soll eine nachhaltige Teil
< nahme
< am Erwerbsleben gewährleistet werden. Ein wesentliches Instrument dabei ist die integrative,
---
> -
> merInnen in ein Dienstverhältnis am ersten Arbeitsmarkt gefördert. So soll eine nachhaltige Teil
> -
> nahme am Erwerbsleben gewährleistet werden. Ein wesentliches Instrument dabei ist die integrative,
2265,2266c2279,2281
< Das Angebot richtet sich an langzeitarbeitslose Männer und Frauen. Nach einem Arbeitstraining besteht
< die Möglichkeit einer auf sechs Monate befristeten Beschäftigung. In diesem Dienstverhältnis wird   Arbeitspraxis vermittelt sowie sozialarbeiterische Unterstützung bei der Bewältigung unterschied- licher Probleme (Schulden, ungesicherte Wohnsituation, familiäre Krisen oder andere Vermittlungs- hemmnisse) angeboten. Nach Ablauf des Dienstverhältnisses sollen die Beschäftigten in der Lage sein, einen dauerhaften Arbeitsplatz am freien Arbeitsmarkt zu finden.Schritt für Schritt zum Ziel:
---
> Das Angebot richtet sich an langzeitarbeitslose Männer und Frauen. Nach einem Arbeitstraining be-
>
> steht die Möglichkeit einer auf sechs Monate befristeten Beschäftigung. In diesem Dienstverhältnis wird   Arbeitspraxis vermittelt sowie sozialarbeiterische Unterstützung bei der Bewältigung unterschied- licher Probleme (Schulden, ungesicherte Wohnsituation, familiäre Krisen oder andere Vermittlungs- hemmnisse) angeboten. Nach Ablauf des Dienstverhältnisses sollen die Beschäftigten in der Lage sein, einen dauerhaften Arbeitsplatz am freien Arbeitsmarkt zu finden.Schritt für Schritt zum Ziel:
2421,2422c2436,2437
< Unik.at wurde 2001 als Berufsintegrationsprojekt unter sozial-ökonomischen Bedingungen gegründet.
< Menschen mit mindestens 50% Behinderung (30% psychische) können hier Lehrstellen für Einzelhandel, Bürokaufmann/frau, und Systemgastronomie finden oder auf Assistenzstellen (Transit- arbeitskräfte) für Produktion (Holz, Keramik) und Verkauf tätig sein.
---
> Unik.at wurde 2001 als Berufsintegrationsprojekt unter sozial-ökonomischen Bedingungen gegrün-
>  det. Menschen mit mindestens 50% Behinderung (30% psychische) können hier Lehrstellen für Einzelhandel, Bürokaufmann/frau, und Systemgastronomie finden oder auf Assistenzstellen (Transit- arbeitskräfte) für Produktion (Holz, Keramik) und Verkauf tätig sein.
2430,2431c2445,2446
< stieg
< in die Arbeitswelt zu schaffen. Dies geschieht sowohl durch Arbeitstraining im Haus als auch im
---
> -
> stieg in die Arbeitswelt zu schaffen. Dies geschieht sowohl durch Arbeitstraining im Haus als auch im
2443,2444c2458,2459
< In Wien gemeldete Frauen ab 19 Jahren mit einem im FIT.Zentrum Wien erarbeiteten FIT.Karriereplan;
< Frauen, die eine FIT.Ausbildung absolvieren, und Frauen mit einer abgeschlossenen FIT.Aus
---
> In Wien gemeldete Frauen ab 19 Jahren mit einem im FIT.Zentrum Wien erarbeiteten FIT.Karriere-
>  plan; Frauen, die eine FIT.Ausbildung absolvieren, und Frauen mit einer abgeschlossenen FIT.Aus
2447,2448c2462,2464
< Die Beraterinnen der abz*FIT.frauenberatung begleiten Frauen mit einem nicht traditionellen Karriereplan
< bei der Umsetzung ihrer beruflichen Vorstellungen – vor dem Ausbildungsstart, während
---
> Die Beraterinnen der abz*FIT.frauenberatung begleiten Frauen mit einem nicht traditionellen Kar-
>
> riereplan bei der Umsetzung ihrer beruflichen Vorstellungen – vor dem Ausbildungsstart, während
2480,2481c2496,2497
< merInnen
< Lernförderung und unterstützt bei motivationalen Problemen. Die BeraterInnen sind Ansprechpersonen in allen beruflichen und persönlichen Angelegenheiten,
---
> -
> merInnen Lernförderung und unterstützt bei motivationalen Problemen. Die BeraterInnen sind Ansprechpersonen in allen beruflichen und persönlichen Angelegenheiten,
2486,2487c2502,2503
< dungs-
< und Projektträger, zu dessen wichtigsten Auftraggebern Arbeitsmarktservice-Organisationen
---
> -
> dungs- und Projektträger, zu dessen wichtigsten Auftraggebern Arbeitsmarktservice-Organisationen
2490,2491c2506,2507
< führung
< von Aus- und Weiterbildungs-, Qualifizierungsangeboten sowie Betreuungs- und Entwick -lungs-Projekten für arbeitsuchende und berufstätige Personen als auch für Institutionen und Un-ternehmen national und international. BEST unterstützt:
---
> -
> führung von Aus- und Weiterbildungs-, Qualifizierungsangeboten sowie Betreuungs- und Entwick -lungs-Projekten für arbeitsuchende und berufstätige Personen als auch für Institutionen und Un-ternehmen national und international. BEST unterstützt:
2554,2555c2570,2571
< bei den regionalen Geschäftsstellen des AMS als arbeitslos vorgemerkte KundInnen mit gesundheitlichen
< Problemen. Das Projekt richtet sich an Personen, die aufgrund gesundheitlicher Einschränkun-gen ihren bisherigen Beruf nicht mehr ausüben können und daher neue berufliche Perspektiven benötigen.
---
> bei den regionalen Geschäftsstellen des AMS als arbeitslos vorgemerkte KundInnen mit gesundheit-
>  lichen Problemen. Das Projekt richtet sich an Personen, die aufgrund gesundheitlicher Einschränkun-gen ihren bisherigen Beruf nicht mehr ausüben können und daher neue berufliche Perspektiven benötigen.
2557,2558c2573,2575
< Das Angebot der BBE umfasst eine individuelle Beratung hinsichtlich der Einsetzbarkeit am Arbeitsmarkt.
< Durch eine ganzheitliche arbeitsmedizinische und bei Bedarf fachärztliche Abklärung kann
---
> Das Angebot der BBE umfasst eine individuelle Beratung hinsichtlich der Einsetzbarkeit am Arbeits-
>
> markt. Durch eine ganzheitliche arbeitsmedizinische und bei Bedarf fachärztliche Abklärung kann
2560,2561c2577,2578
< nahme
< zu ermöglichen.Das Ergebnis ist ein arbeitsmedizinisches Leistungsprofil, das die TeilnehmerInnen nach beende
---
> -
> nahme zu ermöglichen.Das Ergebnis ist ein arbeitsmedizinisches Leistungsprofil, das die TeilnehmerInnen nach beende
2608,2609c2625,2626
< -Fair-Kompetenzenerfassung macht´s möglich. KOMPASS bietet Ihnen eine Übersicht über den Arbeitsmarkt
< und navigiert Sie zu passenden Jobangeboten.
---
> -Fair-Kompetenzenerfassung macht´s möglich. KOMPASS bietet Ihnen eine Übersicht über den Arbeits-
>  markt und navigiert Sie zu passenden Jobangeboten.
2632,2633c2649,2651
< MONSUN bietet Hilfestellungen durch Fach- und Einzelberatungen zur Entwicklung von Lösungsansätzen
< mit dem Ziel, die individuelle Handlungskompetenz zu erhöhen und damit einhergehend
---
> MONSUN bietet Hilfestellungen durch Fach- und Einzelberatungen zur Entwicklung von Lösungs-
>
> ansätzen mit dem Ziel, die individuelle Handlungskompetenz zu erhöhen und damit einhergehend
2644,2645c2662,2663
< schen,
< Menschen mit Beeinträchtigungen und Menschen mit weiterem Unterstützungsbedarf durch
---
> -
> schen, Menschen mit Beeinträchtigungen und Menschen mit weiterem Unterstützungsbedarf durch
2722,2723c2740,2741
< nen
< und SozialarbeiterInnen alle Hindernisse am Weg zum neuen Job!
---
> -
> nen und SozialarbeiterInnen alle Hindernisse am Weg zum neuen Job!
2771,2772c2789,2790
< bucht
< werden.
---
> -
> bucht werden.
2797,2798c2815,2816
< Als Projekt im Rahmen einer EU-Partnerschaft 1996 entstanden, hat sich die Einrichtung Dialog Sucht
< und Beschäftigung als arbeitsmarktpolitische Einrichtung mit dem Thema Sucht und Arbeitslo -sigkeit zwischen den Handlungsfeldern Sucht, Gesundheit und Arbeitsmarktpolitik etabliert.Der Schwerpunkt der Arbeit liegt bei Personen mit eingeschränkter Arbeitsfähigkeit. Als Teil des Vere
---
> Als Projekt im Rahmen einer EU-Partnerschaft 1996 entstanden, hat sich die Einrichtung Dialog -
> Sucht und Beschäftigung als arbeitsmarktpolitische Einrichtung mit dem Thema Sucht und Arbeitslo -sigkeit zwischen den Handlungsfeldern Sucht, Gesundheit und Arbeitsmarktpolitik etabliert.Der Schwerpunkt der Arbeit liegt bei Personen mit eingeschränkter Arbeitsfähigkeit. Als Teil des Vere
2827,2828c2845,2846
< nungsfeld
< wirtschaftlicher Erfordernisse und arbeitsmarktpolitischer Vorgaben. Sie bieten den ihnen
---
> -
> nungsfeld wirtschaftlicher Erfordernisse und arbeitsmarktpolitischer Vorgaben. Sie bieten den ihnen
2839,2842c2857,2860
< richtungen
< ihre freiwillige Mitgliedschaft beim Wiener Dachverband für sozial-ökonomische Einrich
< tungen.
< Durch diese starke wie stabile Vernetzung ist es erst möglich, dieses Nachschlagewerk allen
---
> -
> richtungen ihre freiwillige Mitgliedschaft beim Wiener Dachverband für sozial-ökonomische Einrich
> -
> tungen. Durch diese starke wie stabile Vernetzung ist es erst möglich, dieses Nachschlagewerk allen
2951,2952c2969,2970
< Wir unterstützen arbeitsmarktferne Personen sowie TeilnehmerInnen der Beratungs- und Betreuungseinrichtung
< „step2job“ bei der Eingliederung in den ersten Arbeitsmarkt. Befristete Dienstverhältnisse werden als Regal- und ThekenbetreuerIn im Einzelhandel, als KassierIn und als Hilfskraft für die Lagerlogistik angeboten.Unser Angebot richtet sich insbesondere an Frauen und Männer ab 50 Jahre, sowie an motivierte Personen ab 25 Jahre mit ausreichenden Deutschkenntnissen.
---
> Wir unterstützen arbeitsmarktferne Personen sowie TeilnehmerInnen der Beratungs- und Betreuungs-
>  einrichtung „step2job“ bei der Eingliederung in den ersten Arbeitsmarkt. Befristete Dienstverhältnisse werden als Regal- und ThekenbetreuerIn im Einzelhandel, als KassierIn und als Hilfskraft für die Lagerlogistik angeboten.Unser Angebot richtet sich insbesondere an Frauen und Männer ab 50 Jahre, sowie an motivierte Personen ab 25 Jahre mit ausreichenden Deutschkenntnissen.
3124,3125c3142,3143
< schen,
< Menschen mit Beeinträchtigungen und Menschen mit weiterem Unterstützungsbedarf durch
---
> -
> schen, Menschen mit Beeinträchtigungen und Menschen mit weiterem Unterstützungsbedarf durch
3157,3158c3175,3176
< -rahmen in Form von sozialtherapeutischen Kleingruppen, in denen Motivation und Lebensmut wiedererlangt,
< neue Perspektiven für die berufliche und private Zukunft ausgelotet und bisher nicht gegan-gene Wege in ein selbstbestimmtes Leben angesteuert werden können.
---
> -rahmen in Form von sozialtherapeutischen Kleingruppen, in denen Motivation und Lebensmut wieder-
>  erlangt, neue Perspektiven für die berufliche und private Zukunft ausgelotet und bisher nicht gegan-gene Wege in ein selbstbestimmtes Leben angesteuert werden können.
3171,3172c3189,3190
< lungen
< gewährleistet; eine Informationsstelle, die Fortbildungen und Kurse durchführt und sich mit
---
> -
> lungen gewährleistet; eine Informationsstelle, die Fortbildungen und Kurse durchführt und sich mit
3256,3257c3274,3275
< Job-TransFair TERRA ist ein Projekt der Job-TransFair GmbH, einem gemeinnützigen Tochterunternehmen
< des BFI Wien mit mehr als 150 MitarbeiterInnen an 5 Standorten in Wien Job-TransFair TERRA ist Mitglied des DSE-Wien.
---
> Job-TransFair TERRA ist ein Projekt der Job-TransFair GmbH, einem gemeinnützigen Tochterunter-
>  nehmen des BFI Wien mit mehr als 150 MitarbeiterInnen an 5 Standorten in Wien Job-TransFair TERRA ist Mitglied des DSE-Wien.
3276,3277c3294,3295
< verschuldete und überschuldete Menschen, auch ehemals Selbstständige, Menschen mit Unterstützungsbedarf
< bei ihrer finanziellen Verwaltung (Betreutes Konto)
---
> verschuldete und überschuldete Menschen, auch ehemals Selbstständige, Menschen mit Unterstüt-
>  zungsbedarf bei ihrer finanziellen Verwaltung (Betreutes Konto)
3324,3326c3342,3346
< Die Volkshilfe Beschäftigung wurde 1997 gemeinsam von der Volkshilfe Österreich und der Volkshilfe
< Wien gegründet. Volkshilfe Beschäftigung ist ein gemeinnütziger Verein mit dem Ziel, arbeitslose
< Männer und Frauen nachhaltig in den Arbeitsmarkt zu integrieren.Wir verbinden soziale und ökonomische Prinzipien in modernen Betriebsstrukturen und Beratungs- einrichtungen. Wir bieten praktische und theoretische fachliche Qualifizierung, begleitende psycho
---
> Die Volkshilfe Beschäftigung wurde 1997 gemeinsam von der Volkshilfe Österreich und der Volks-
>
> hilfe Wien gegründet. Volkshilfe Beschäftigung ist ein gemeinnütziger Verein mit dem Ziel, arbeits-
>
> lose Männer und Frauen nachhaltig in den Arbeitsmarkt zu integrieren.Wir verbinden soziale und ökonomische Prinzipien in modernen Betriebsstrukturen und Beratungs- einrichtungen. Wir bieten praktische und theoretische fachliche Qualifizierung, begleitende psycho