53c53
< ausgeschlossen
---
> a„•ge•c“lo••en
56c56
< von Pestiziden
---
> ”on pe•tiziden
59c59
< keine Bio-
---
> keine bioM
61,63c61,63
< ertizierung, jedoch Förderung
< von umweltschonendem Landbau
< (Bodenschutz, Fruchtwechsel, etc.)
---
> ertizier„ngL jedoc“ förder„ng
> ”on „mwelt•c“onendem landba„
> Hboden•c“„tzL fr„c“twec“•elL etcNI
66,67c66,67
< S
< O
---
> s
> o
69,71c69,71
< IALE
<  K
< RITERIEN
---
> iale
>  k
> riterien
74c74
< schädlicher Arbeit
---
> •c“ädlic“er arbeit
77c77
< methoden und zu bewusstem Umgang mit Pestiziden
---
> met“oden „nd z„ bew„••tem umgang mit pe•tiziden
80,97c80,97
< K
< ONTROLLE
< Die Selbsteinschätzung der BaumwollproduzentInnen wird
< durch Cotton made in Africa überprüft,
< z
< iel ist eine schritt-
< weise Verbesserung. Alle zwei Jahre wird eine externe
< Überprüfung der Baumwollgesellschaften und Kleinbäue
< -
< rInnen durch akkreditierte Prünstitute durchgeführt.
< K
< OMMENTAR
< Cotton made in Africa hat zum  ziel die Quantität und Qualität
< in der Baumwollproduktion zu erhöhen. Die Auflagen sind
< niedrig, es ist weder der Umstieg auf biologischen Anbau
< gefordert, noch werden Mindestpreise für die ProduzentInnen
< garantiert.
< www.cotton-made-in-africa.com
---
> k
> ontrolle
> die selb•tein•c“ätz„ng der ba„mwollprod„zentinnen wird
> d„rc“ cotton made in africa überprüftL
> z
> iel i•t eine •c“rittM
> wei•e verbe••er„ngN alle zwei ja“re wird eine externe
> Überprüf„ng der ba„mwollge•ell•c“aften „nd kleinbä„e
> M
> rinnen d„rc“ akkreditierte prün•tit„te d„rc“gefü“rtN
> k
> ommentar
> cotton made in africa “at z„m  ziel die Q„antität „nd Q„alität
> in der ba„mwollprod„ktion z„ er“ö“enN die a„flagen •ind
> niedrigL e• i•t weder der um•tieg a„f biologi•c“en anba„
> gefordertL noc“ werden minde•tprei•e für die prod„zentinnen
> garantiertN
> wwwNcottonMmadeMinMafricaNcom
112c112
< keine Verpflichtung zu Bio-Landbau
---
> keine verpflic“t„ng z„ bioMlandba„
117,125c117,125
< Baumwolle, kein Mischen mit herkömm
< -
< licher Baumwolle
< S
< O
< z
< IALE
<  K
< RITERIEN
---
> ba„mwolleL kein mi•c“en mit “erkömm
> M
> lic“er ba„mwolle
> s
> o
> z
> iale
>  k
> riterien
128c128
< Produktions- und Lebenserhaltungskosten abdecken
---
> prod„ktion•M „nd leben•er“alt„ng•ko•ten abdecken
135,158c135,158
< K
< ONTROLLE
< Die Einhaltung der Kriterien wird durch FLO-CERT akkredi-
< tierte Audit Teams überprüft. Die Inspektion überprüft die
<
<
< Arbeitsbedingungen von Baumwoll-ProduzentInnen, nicht
< aber die weitere Verarbeitung. Weiterverarbeitende Unter-
< nehmen müssen jedoch den Nachweis erbringen, dass sie
< die ILO-Kernarbeitsnormen einhalten. Indikatoren dafür sind
< Mitgliedschaft bei WFTO, ETI, FWF, FLA, oder WRC, eine
< SA8000  zertizierung sowie Unternehmen, die von den
<
<
< ArbeitnehmerInnen selbst geführt werden. Ist kein Nachweis
< vorhanden, übernimmt FLO-CERT die Überprüfung.
< K
< OMMENTAR
< FAIRTRADE certied cotton garantiert faire
< Arbeitsbedingungen
< und langfristige Handelsbeziehungen, Mindestpreise sowie
< eine Sozialprämie und fördert den Umstieg auf biologischen
< Anbau durch Prämien. Es deckt nur die Baumwollproduktion ab.
< www.fairtrade.at20
---
> k
> ontrolle
> die ein“alt„ng der kriterien wird d„rc“ floMcert akkrediM
> tierte a„dit team• überprüftN die in•pektion überprüft die
>
>
> arbeit•beding„ngen ”on ba„mwollMprod„zentinnenL nic“t
> aber die weitere verarbeit„ngN weiter”erarbeitende unterM
> ne“men mü••en jedoc“ den nac“wei• erbringenL da•• •ie
> die iloMkernarbeit•normen ein“altenN indikatoren dafür •ind
> mitglied•c“aft bei wftoL etiL fwfL flaL oder wrcL eine
> saXPPP  zertizier„ng •owie unterne“menL die ”on den
>
>
> arbeitne“merinnen •elb•t gefü“rt werdenN i•t kein nac“wei•
> ”or“andenL übernimmt floMcert die Überprüf„ngN
> k
> ommentar
> fairtrade certied cotton garantiert faire
> arbeit•beding„ngen
> „nd langfri•tige handel•bezie“„ngenL minde•tprei•e •owie
> eine sozialprämie „nd fördert den um•tieg a„f biologi•c“en
> anba„ d„rc“ prämienN e• deckt n„r die ba„mwollprod„ktion abN
> wwwNfairtradeNat20
169,171c169,171
< muss aus Biofasern bestehen ( zubehör
< aus
<   genommen)
---
> m„•• a„• biofa•ern be•te“en H z„be“ör
> a„•
>   genommenI
174,176c174,176
< die als krebserregend oder erbgut
< -
< schädigend   gelten.
---
> die al• kreb•erregend oder erbg„t
> M
> •c“ädigend   geltenN
181c181
< management-Plan sowie über funktionsfähige
---
> managementMplan •owie über f„nktion•fä“ige
184,186c184,186
< Abwasserkläranlagen verfügen
< S
< O
---
> abwa••erkläranlagen ”erfügen
> s
> o
188,190c188,190
< IALE
<  K
< RITERIEN
---
> iale
>  k
> riterien
193,204c193,204
< K
< ONTROLLE
< Die Einhaltung der Standards wird bei angemeldeten und
< unangemeldeten Betriebsbesuchen durch akkreditierte
< Prnstitute überprüft. Es gibt regelmßige Rückstandskont-
< rollen. Die gesamte Warenkette muss dokumentiert werden.
< K
< OMMENTAR
< Naturland gehört zu den großen Bio-Anbauverbänden und
< definiert für Textilien auch soziale Kriterien. Für die glaub-
< hafte Überprüfung der Einhaltung sozialer Kriterien wäre
< die Einbindung von Gewerkschaften, NGOs und lokalen
---
> k
> ontrolle
> die ein“alt„ng der standard• wird bei angemeldeten „nd
> „nangemeldeten betrieb•be•„c“en d„rc“ akkreditierte
> prn•tit„te überprüftN e• gibt regelmßige rück•ta-nd•kontM
> rollenN die ge•amte warenkette m„•• dok„mentiert werdenN
> k
> ommentar
> nat„rland ge“ört z„ den großen bioManba„”erbänden „nd
> definiert für textilien a„c“ •oziale kriterienN für die gla„bM
> “afte Überprüf„ng der ein“alt„ng •ozialer kriterien wäre
> die einbind„ng ”on gewerk•c“aftenL ngo• „nd lokalen
207c207
< Organisationen erforderlich.
---
> organi•ationen erforderlic“N
223c223
< mindestens 5% Biobaumwolle enthalten
---
> minde•ten• UE bioba„mwolle ent“alten
226,228c226,228
< Auflagen, sie können auch aus konventi-
< oneller Baumwolle oder synthetischen
< Fasern bestehen
---
> a„flagenL •ie können a„c“ a„• kon”entiM
> oneller ba„mwolle oder •ynt“eti•c“en
> fa•ern be•te“en
233,249c233,249
< (made with X % of organically grown cotton)
< K
< ONTROLLE
< Die
< z
< ertifizierung der Biobaumwolle erfolgt durch akkredi-
< tierte Prüfinstitute. Eine klare Kennzeichnung der Bio-
< Baumwolle während des gesamten Produktionsprozesses
< sowie eine genaue Dokumentation aller Verarbeitungs-
< schritte sind vorgeschrieben.
< K
< OMMENTAR
< In Produkten, die mit OE Blended Standard ausgewiesen
< sind, können nur äußerst geringe Mengen (5%) an Bio-
< baumwolle enthalten sein. Laut Textile Exchange dient der
< OE Blended Standard zur Motivation von Unternehmen,
< schrittweise auf mehr Biobaumwolle umzusteigen.
---
> Hmade wit“ x E of organically grown cottonI
> k
> ontrolle
> die
> z
> ertifizier„ng der bioba„mwolle erfolgt d„rc“ akkrediM
> tierte prüfin•tit„teN eine klare kennzeic“n„ng der bioM
> ba„mwolle wä“rend de• ge•amten prod„ktion•proze••e•
> •owie eine gena„e dok„mentation aller verarbeit„ng•M
> •c“ritte •ind ”orge•c“riebenN
> k
> ommentar
> in prod„ktenL die mit oe blended standard a„•gewie•en
> •indL können n„r ä„ßer•t geringe mengen HUEI an bioM
> ba„mwolle ent“alten •einN la„t textile exc“ange dient der
> oe blended standard z„r moti”ation ”on unterne“menL
> •c“rittwei•e a„f me“r bioba„mwolle „mz„•teigenN
253c253
< KonsumentInnen verwirrend sein.
---
> kon•„mentinnen ”erwirrend •einN
325,342c325,342
< Mitgliedsunternehmen
< K
< ONTROLLE
< Einmal jährlich überprüfen die Mitgliedsunternehmen die
< Einhaltung der Standards und erstellen einen Jahresbericht.
< Die ETI führt keine standardmäßige Verifizierung durch.
< Es gibt ein Beschwerdesystem für ArbeiterInnen und ihre
< VertreterInnen.
< K
< OMMENTAR
< Die ETI bezieht die gesamte
< z
< ulieferkette eines Mitglieds-
< unternehmens mit ein und sieht die Verantwortung für die
< Umsetzung der Standards bei den Mitgliedsunternehmen.
< Die ETI führt keine Verifizierungen durch. Die ETI verfolgt
< einen schrittweisen Ansatz und versucht, durch Projekte
< mit starker Beteiligung lokaler Organisationen dem  ziel
---
> mitglied•„nterne“men
> k
> ontrolle
> einmal jä“rlic“ überprüfen die mitglied•„nterne“men die
> ein“alt„ng der standard• „nd er•tellen einen ja“re•beric“tN
> die eti fü“rt keine •tandardmäßige verifizier„ng d„rc“N
> e• gibt ein be•c“werde•y•tem für arbeiterinnen „nd i“re
> vertreterinnenN
> k
> ommentar
> die eti bezie“t die ge•amte
> z
> „lieferkette eine• mitglied•M
> „nterne“men• mit ein „nd •ie“t die verantwort„ng für die
> um•etz„ng der standard• bei den mitglied•„nterne“menN
> die eti fü“rt keine verifizier„ngen d„rc“N die eti ”erfolgt
> einen •c“rittwei•en an•atz „nd ”er•„c“tL d„rc“ projekte
> mit •tarker beteilig„ng lokaler organi•ationen dem  ziel
345,346c345,346
< einer fairen Produktion kontinuierlich näher zu kommen.
< www.ethicaltrade.org16
---
> einer fairen prod„ktion kontin„ierlic“ nä“er z„ kommenN
> wwwNet“icaltradeNorg16
362c362
< kontrolliert biologischer Landwirtschaft,
---
> kontrolliert biologi•c“er landwirt•c“aftL
376c376
< Bio-Landbau erlaubt
---
> bioMlandba„ erla„bt
383,384c383,384
< deren toxikologische und ökologische Wirkung geprüft
< und als unbedenklich eingestuft wurde
---
> deren toxikologi•c“e „nd ökologi•c“e wirk„ng geprüft
> „nd al• „nbedenklic“ einge•t„ft w„rde
387,388c387,388
< S
< O
---
> s
> o
390,392c390,392
< IALE
<  K
< RITERIEN
---
> iale
>  k
> riterien
395,418c395,418
< K
< ONTROLLE
< Verarbeitungsbetriebe von der Faseraufbereitung bis zur
<
<
< Konfektion, ebenso wie HändlerInnen müssen sich einer
<
<
< jährlichen Vor-Ort-Kontrolle durch GOTS akkreditierte Prüf
< -
< institute unterziehen. Vor allem bei Verdachtsfällen werden
< unangekündigte Kontrollen durchgeführt. Wie die sozialen
<
<
< Kriterien überprüft werden, obliegt dem jeweiligen Institut.
< K
< OMMENTAR
< Dieser international gültige Standard setzt strenge Kriterien
< für biologische Naturtextilien in allen Verarbeitungsstufen.
< Die sozialen Kriterien gelten nur für die Verarbeitung, nicht
< für die Rohstoffproduktion. Für die glaubhafte Überprüfung
< wäre eine stärkere Einbindung von Gewerkschaften, NGOs
< und lokalen Organisationen erforderlich.
< www.global-standard.org
---
> k
> ontrolle
> verarbeit„ng•betriebe ”on der fa•era„fbereit„ng bi• z„r
>
>
> konfektionL eben•o wie händlerinnen mü••en •ic“ einer
>
>
> jä“rlic“en vorMortMkontrolle d„rc“ gots akkreditierte prüf
> M
> in•tit„te „nterzie“enN vor allem bei verdac“t•fällen werden
> „nangekündigte kontrollen d„rc“gefü“rtN wie die •ozialen
>
>
> kriterien überprüft werdenL obliegt dem jeweiligen in•tit„tN
> k
> ommentar
> die•er international gültige standard •etzt •trenge kriterien
> für biologi•c“e nat„rtextilien in allen verarbeit„ng••t„fenN
> die •ozialen kriterien gelten n„r für die verarbeit„ngL nic“t
> für die ro“•toffprod„ktionN für die gla„b“afte Überprüf„ng
> wäre eine •tärkere einbind„ng ”on gewerk•c“aftenL ngo•
> „nd lokalen organi•ationen erforderlic“N
> wwwNglobalM•tandardNorg
433c433
< Endprodukt wird auf schädliche Rückstände hin über-
---
> Endprodukt wird auf schädliche Rückstände hin überM
446,448c446,448
< gesund-
< heitsschädlichen Stoffen im Endprodukt (z.B. Verbot von
< krebserregenden oder allergieauslösenden Farbstoffen)
---
> gesundM
> “eit••c“ädlic“en stoffen im endprod„kt HzNbN verbot ”on
> kreb•erregenden oder allergiea„•lö•enden farb•toffenI
453,454c453,454
< Babyartikel, Artikel mit Hautkontakt, Artikel ohne Haut-
< kontakt, Ausstattungsmaterialien (z.B. Heimtextilien)
---
> babyartikelL artikel mit ha„tkontaktL artikel o“ne ha„tM
> kontaktL a„••tatt„ng•materialien HzNbN heimtextilienI
457,474c457,474
< K
< ONTROLLE
< Antragsteller bekennen sich zu den Standards in einer
< schriftlichen Erklärung und senden Textilmuster an ein
< OEKO-TEX
< ®
< -Prüfinstitut, wo sie auf Rückstände überprüft
< werden. Unangemeldete Stichproben-Kontrollen sind jeder-
< zeit möglich. Die
< z
< ertifizierung ist für ein Jahr gültig.
< K
< OMMENTAR
< Der Fokus liegt bei OEKO-TEX
< ®
<  auf einem schadstofffreien
< Endprodukt. Das Siegel deniert keine Kriterien für eine öko-
< logisch nachhaltige Produktion von Textilien und Bekleidung.
---
> k
> ontrolle
> antrag•teller bekennen •ic“ z„ den standard• in einer
> •c“riftlic“en erklär„ng „nd •enden textilm„•ter an ein
> oekoMtex
> ®
> Mprüfin•tit„tL wo •ie a„f rück•tände überprüft
> werdenN unangemeldete stic“probenMkontrollen •ind jederM
> zeit möglic“N die
> z
> ertifizier„ng i•t für ein ja“r gültigN
> k
> ommentar
> der fok„• liegt bei oekoMtex
> ®
>  a„f einem •c“ad•tofffreien
> endprod„ktN da• siegel deniert keine kriterien für eine ökoM
> logi•c“ nac““altige prod„ktion ”on textilien „nd bekleid„ngN
493c493
< Arbeitsplatz
---
> arbeit•platz
497,518c497,518
< K
< ONTROLLE
< Fabriken führen eine Selbst-Evaluierung durch und erhalten
< dann für maximal zwei Jahre den Anwärter-Status auf das
< SA8000- zertifikat. Nach erfolgter Verifizierung durch SAI
< akkreditierte Prüfinstitute wird das SA8000- zertifikat für
< drei Jahre ausgestellt. Alle sechs bis zwölf Monate wird die
< Einhaltung der Standards überprüft. Die Kosten für die Audits
< werden von den Fabriken selbst getragen. Es gibt ein Be-
< schwerdesystem für ArbeiterInnen und ihre VertreterInnen.
< K
< OMMENTAR
< Der Fokus bei der SA8000- zertifizierung liegt auf einzelnen
< Fabriken/Betrieben. Die Ergebnisse der Überprüfungen
< sind wenig glaubwürdig, da Gewerkschaften, NGOs und
<
<
< lokale Organisationen unzureichend eingebunden sind und
< Auditor
< Innen von denselben Betrieben bezahlt werden,
< die sie überprüfen. Die Verantwortung für die Umsetzung
< der Standards liegt bei den
---
> k
> ontrolle
> fabriken fü“ren eine selb•tMe”al„ier„ng d„rc“ „nd er“alten
> dann für maximal zwei ja“re den anwärterMstat„• a„f da•
> saXPPPM zertifikatN nac“ erfolgter verifizier„ng d„rc“ sai
> akkreditierte prüfin•tit„te wird da• saXPPPM zertifikat für
> drei ja“re a„•ge•telltN alle •ec“• bi• zwölf monate wird die
> ein“alt„ng der standard• überprüftN die ko•ten für die a„dit•
> werden ”on den fabriken •elb•t getragenN e• gibt ein beM
> •c“werde•y•tem für arbeiterinnen „nd i“re vertreterinnenN
> k
> ommentar
> der fok„• bei der saXPPPM zertifizier„ng liegt a„f einzelnen
> fabrikenObetriebenN die ergebni••e der Überprüf„ngen
> •ind wenig gla„bwürdigL da gewerk•c“aftenL ngo• „nd
>
>
> lokale organi•ationen „nz„reic“end eingeb„nden •ind „nd
> a„ditor
> innen ”on den•elben betrieben beza“lt werdenL
> die •ie überprüfenN die verantwort„ng für die um•etz„ng
> der standard• liegt bei den
520,521c520,521
< ulieferbetrieben, die Auftrag-
< geber werden nicht in die Pflicht genommen.
---
> „lieferbetriebenL die a„ftragM
> geber werden nic“t in die pflic“t genommenN
562,563c562,563
< verboten sind. Pestizide müssen in der Landessprache
< beschriftet sein.
---
> ”erboten •indN pe•tizide mü••en in der lande••prac“e
> be•c“riftet •einN
570,576c570,576
< genmanipuliertes Saatgut ist erlaubt.
< S
< O
< z
< IALE
<  K
< RITERIEN
---
> genmanip„lierte• saatg„t i•t erla„btN
> s
> o
> z
> iale
>  k
> riterien
583,604c583,604
< K
< ONTROLLE
< BaumwollproduzentInnen evaluieren ihre Produktion nach
< den BCI-Standards. Die Selbsteinschätzung wird durch eine
< BCI-Arbeitsgruppe überprüft und es gibt stichprobenartige
< Verifizierungen durch BCI-PrüferInnen.
< K
< OMMENTAR
< Das BCI-Siegel setzt den Fokus auf umweltschonenden
<
<
< Anbau von Baumwolle. Die BCI-Standards stellen eine
<
<
< Verbesserung zum konventionellen Baumwoll-Anbau dar.
< BCI fordert jedoch keinen Umstieg auf Bio-Landbau, gen-
< manipuliertes Saatgut ist erlaubt, ebenso wie der Einsatz
< von Pestiziden. Die sozialen Kriterien sind beschränkt,
< so werden etwa keine Mindestpreise für die Baumwoll
< -
< produzentInnen garantiert.
< www.bettercotton.org12
---
> k
> ontrolle
> ba„mwollprod„zentinnen e”al„ieren i“re prod„ktion nac“
> den bciMstandard•N die selb•tein•c“ätz„ng wird d„rc“ eine
> bciMarbeit•gr„ppe überprüft „nd e• gibt •tic“probenartige
> verifizier„ngen d„rc“ bciMprüferinnenN
> k
> ommentar
> da• bciMsiegel •etzt den fok„• a„f „mwelt•c“onenden
>
>
> anba„ ”on ba„mwolleN die bciMstandard• •tellen eine
>
>
> verbe••er„ng z„m kon”entionellen ba„mwollManba„ darN
> bci fordert jedoc“ keinen um•tieg a„f bioMlandba„L genM
> manip„lierte• saatg„t i•t erla„btL eben•o wie der ein•atz
> ”on pe•tizidenN die •ozialen kriterien •ind be•c“ränktL
> •o werden etwa keine minde•tprei•e für die ba„mwoll
> M
> prod„zentinnen garantiertN
> wwwNbettercottonNorg12
615c615
< für chemische Substanzen im Endprodukt
---
> für c“emi•c“e s„b•tanzen im endprod„kt
618c618
< durch Wasseraufbereitung
---
> d„rc“ wa••era„fbereit„ng
621c621
< Baumwolle müssen mind. 3% Biobaumwolle enthalten
---
> ba„mwolle mü••en mindN SE bioba„mwolle ent“alten
624,646c624,646
< K
< ONTROLLE
< Die Kontrolle erfolgt durch die zuständigen Behörden in den
< einzelnen Mitgliedsstaaten. Durch Prüfung der vom Antrag-
< steller gelieferten Unterlagen und durch stichprobenartige
< Produkttests überprüft die Kontrollstelle, ob alle Umwelt
< -
< kriterien erfüllt wurden. Eine schriftliche Erklärung des An-
< tragstellers über die Nichtverwendung bestimmter Substan-
< zen reicht oftmals aus.
< K
< OMMENTAR
< Das Siegel deckt den gesamten Herstellungsprozess von
< Textilien ab, von der Verarbeitung der Fasern bis zum End-
< produkt. Neben Umweltkriterien gelten auch Kriterien der
< Gebrauchstauglichkeit (z.B. Farbbeständigkeit). Das Um-
< weltzeichen zeichnet Produkte aus, die eine geringere
<
<
< Belastung für die Umwelt darstellen, als nicht-gesiegelte
< Produkte. Es gibt jedoch viele Ausnahmen und Kontrollen
< werden durch eine Erklärung ersetzt.
< www.ec.europa.eu/environment/ecolabel
---
> k
> ontrolle
> die kontrolle erfolgt d„rc“ die z„•tändigen be“örden in den
> einzelnen mitglied••taatenN d„rc“ prüf„ng der ”om antragM
> •teller gelieferten unterlagen „nd d„rc“ •tic“probenartige
> prod„ktte•t• überprüft die kontroll•telleL ob alle umwelt
> M
> kriterien erfüllt w„rdenN eine •c“riftlic“e erklär„ng de• anM
> trag•teller• über die nic“t”erwend„ng be•timmter s„b•tanM
> zen reic“t oftmal• a„•N
> k
> ommentar
> da• siegel deckt den ge•amten her•tell„ng•proze•• ”on
> textilien abL ”on der verarbeit„ng der fa•ern bi• z„m endM
> prod„ktN neben umweltkriterien gelten a„c“ kriterien der
> gebra„c“•ta„glic“keit HzNbN farbbe•tändigkeitIN da• umM
> weltzeic“en zeic“net prod„kte a„•L die eine geringere
>
>
> bela•t„ng für die umwelt dar•tellenL al• nic“tMge•iegelte
> prod„kteN e• gibt jedoc“ ”iele a„•na“men „nd kontrollen
> werden d„rc“ eine erklär„ng er•etztN
> wwwNecNe„ropaNe„Oen”ironmentOecolabel
661c661
< hin überprüft
---
> “in überprüft
664,677c664,677
< prozess
< K
< ONTROLLE
< HerstellerInnen senden jährlich ein Textilmuster an die FKT
< zur Überprüfung.  zusätzlich finden Stichprobenkontrollen
< statt. Das Siegel wird auf ein Jahr befristet verliehen.
< K
< OMMENTAR
< Hautsache körperverträglich garantiert, dass das Endpro-
< dukt frei von toxischen Substanzen ist, die die Haut reizen
< oder gesundheitsschädigend sein können. Es definiert kei-
< ne Kriterien für eine ökologisch nachhaltige Produktion von
< Bekleidung. Die Kriterien werden nicht unabhängig über-
< prüft. Das Prüfinstitut ist ebenfalls Mitglied der FKT.
---
> proze••
> k
> ontrolle
> her•tellerinnen •enden jä“rlic“ ein textilm„•ter an die fkt
> z„r Überprüf„ngN  z„•ätzlic“ finden stic“probenkontrollen
> •tattN da• siegel wird a„f ein ja“r befri•tet ”erlie“enN
> k
> ommentar
> ha„t•ac“e körper”erträglic“ garantiertL da•• da• endproM
> d„kt frei ”on toxi•c“en s„b•tanzen i•tL die die ha„t reizen
> oder ge•„nd“eit••c“ädigend •ein könnenN e• definiert keiM
> ne kriterien für eine ökologi•c“ nac““altige prod„ktion ”on
> bekleid„ngN die kriterien werden nic“t „nab“ängig überM
> prüftN da• prüfin•tit„t i•t ebenfall• mitglied der fktN
695,702c695,702
< Grenzwerte oder gänzliches Verbot von gesundheits-
< schädlichen Stoffen im Endprodukt
< S
< O
< z
< IALE
<  K
< RITERIEN
---
> Grenzwerte oder gänzliches Verbot von gesundheitsM
> •c“ädlic“en stoffen im endprod„kt
> s
> o
> z
> iale
>  k
> riterien
707,709c707,709
< K
< ONTROLLE
< Produkte, die unter Einhaltung der Kriterien von OEKO-TEX
---
> k
> ontrolle
> prod„kteL die „nter ein“alt„ng der kriterien ”on oekoMtex
712c712
< 1000 hergestellt wurden und den Kriterien von OEKO-TEX
---
> 1PPP “erge•tellt w„rden „nd den kriterien ”on oekoMtex
714,715c714,715
<  100
< entsprechen, können nach OEKO-TEX
---
>  1PP
> ent•prec“enL können nac“ oekoMtex
717,719c717,719
<  100 plus zertiziert
< werden. Die Kontrollen laufen daher gleich ab wie bei OEKO-
< TEX
---
>  1PP pl„• zertiziert
> werdenN die kontrollen la„fen da“er gleic“ ab wie bei oekoM
> tex
721c721
<  100 bzw. OEKO-TEX
---
>  1PP bzwN oekoMtex
723,725c723,725
<  1000:  Antragsteller bekennen sich
< zu den Standards in einer schriftlichen Erklärung und senden
< Textilmuster an ein OEKO-TEX
---
>  1PPPZ  antrag•teller bekennen •ic“
> z„ den standard• in einer •c“riftlic“en erklär„ng „nd •enden
> textilm„•ter an ein oekoMtex
727,732c727,732
< -Prnstitut, wo sie auf Rück-
< stände überprüft werden. Eine Stärken/Schwächen Analyse
< im Betrieb wird ergänzt durch eine Vor-Ort-Kontrolle.
< K
< OMMENTAR
< Für OEKO-TEX
---
> Mprn•tit„tL wo •ie a„f rückM
> •tände überprüft werdenN eine stärkenOsc“wäc“en analy•e
> im betrieb wird ergänzt d„rc“ eine vorMortMkontrolleN
> k
> ommentar
> für oekoMtex
734c734
<  Standard 100plus gibt es keinen eigenen
---
>  standard 1PPpl„• gibt e• keinen eigenen
750c750
< 100 bzw. OEKO-TEX
---
> 1PP bzwN oekoMtex
752c752
<  1000.
---
>  1PPPN
766,767c766,767
< gelten die gleichen Standards wie für
< GOTS zertifizierte Produkte:
---
> gelten die gleic“en standard• wie für
> gots zertifizierte prod„kteZ
787c787
< konventionellem auf Bio-Landbau ist erlaubt
---
> kon”entionellem a„f bioMlandba„ i•t erla„bt
794c794
< mittel, deren toxikologische und ökologische Wirkung
---
> mittelL deren toxikologi•c“e „nd ökologi•c“e wirk„ng
797c797
< geprüft und als unbedenklich eingestuft wurde
---
> geprüft „nd al• „nbedenklic“ einge•t„ft w„rde
800,801c800,801
< S
< O
---
> s
> o
803,805c803,805
< IALE
<  K
< RITERIEN
---
> iale
>  k
> riterien
808,823c808,823
< K
< ONTROLLE
< Alle Produktionsstufen werden einmal jährlich von Soil
<
<
< Association selbst oder durch GOTS akkreditierte Prüf
< -
< institute überprüft.
< K
< OMMENTAR
< Soil Association zertifizierte Produkte können ebenfalls mit
< dem GOTS-Siegel ausgezeichnet werden. Die Einhaltung
< der ökologischen Kriterien wird genau überprüft. Für die
< glaubhafte Überprüfung der Einhaltung sozialer Kriterien
< wäre die Einbindung von Gewerkschaften, NGOs und lokalen
< Organisationen erforderlich.
---
> k
> ontrolle
> alle prod„ktion••t„fen werden einmal jä“rlic“ ”on soil
>
>
> a••ociation •elb•t oder d„rc“ gots akkreditierte prüf
> M
> in•tit„te überprüftN
> k
> ommentar
> soil a••ociation zertifizierte prod„kte können ebenfall• mit
> dem gotsMsiegel a„•gezeic“net werdenN die ein“alt„ng
> der ökologi•c“en kriterien wird gena„ überprüftN für die
> gla„b“afte Überprüf„ng der ein“alt„ng •ozialer kriterien
> wäre die einbind„ng ”on gewerk•c“aftenL ngo• „nd lokalen
> organi•ationen erforderlic“N
857,858c857,858
< schwarze Liste von verbotenen Chemikalien, graue
< Liste für Chemikalien, die erlaubt sind
---
> •c“warze li•te ”on ”erbotenen c“emikalienL gra„e
> li•te für c“emikalienL die erla„bt •ind
861,867c861,867
< Einsatz von Energie, Wasser, Chemikalien, etc.
< S
< O
< z
< IALE
<  K
< RITERIEN
---
> ein•atz ”on energieL wa••erL c“emikalienL etcN
> s
> o
> z
> iale
>  k
> riterien
870,874c870,874
< mit gefährlichen Substanzen)
< K
< ONTROLLE
< Unternehmen liefern Informationen zu Umwelt, Gesundheit
< und Sicherheit von allen eigenen Produktionsstätten und
---
> mit gefä“rlic“en s„b•tanzenI
> k
> ontrolle
> unterne“men liefern informationen z„ umweltL ge•„nd“eit
> „nd sic“er“eit ”on allen eigenen prod„ktion••tätten „nd
879c879
< ulieferer an bluesign
---
> „lieferer an bl„e•ign
881,882c881,882
< . Die Evaluierung inklusive
< Vor-Ort-Inspektionen erfolgt durch bluesign
---
> N die e”al„ier„ng inkl„•i”e
> vorMortMin•pektionen erfolgt d„rc“ bl„e•ign
884,887c884,887
< .
< K
< OMMENTAR
< Der Textil-Industriestandard bluesign
---
> N
> k
> ommentar
> der textilMind„•trie•tandard bl„e•ign
889,892c889,892
<  deckt bei Produkten
< aus synthetischen Fasern die gesamte Produktionskette ab.
< Bei Produkten aus Naturfasern werden alle Verarbeitungs-
< schritte nach der Fasergewinnung abgedeckt. bluesign
---
>  deckt bei prod„kten
> a„• •ynt“eti•c“en fa•ern die ge•amte prod„ktion•kette abN
> bei prod„kten a„• nat„rfa•ern werden alle verarbeit„ng•M
> •c“ritte nac“ der fa•ergewinn„ng abgedecktN bl„e•ign
897,899c897,899
< arbeitet nach dem Prinzip der besten verfügbaren Technologie
< für eine möglichst umweltfreundliche Produktion. Soziale
< Mindeststandards, wie in den ILO-Kernarbeitsnormen
---
> arbeitet nac“ dem prinzip der be•ten ”erfügbaren tec“nologie
> für eine möglic“•t „mweltfre„ndlic“e prod„ktionN soziale
> minde•t•tandard•L wie in den iloMkernarbeit•normen
902c902
< definiert, werden in bluesign
---
> definiertL werden in bl„e•ign
904,905c904,905
<  zertifzierten Betrieben nicht
< überprüft.
---
>  zertifzierten betrieben nic“t
> überprüftN
923c923
< existenzsichernden Lohn
---
> exi•tenz•ic“ernden lo“n
928c928
< Arbeitsplatz
---
> arbeit•platz
934,957c934,957
< ulieferkette von Mitgliedsunternehmen
< K
< ONTROLLE
< Einmal jährlich überprüfen die Mitgliedsunternehmen die
< Einhaltung der Standards. Die Ergebnisse werden stich
< -
< probenartig durch die FLA bei unangekündigten Vor-
< Ort
< Kon
< trollen in  zusammenarbeit mit NGOs und lokalen
<
<
< Organisationen verifiziert. Es gibt ein Beschwerdesystem
< für ArbeiterInnen und ihre VertreterInnen.
< K
< OMMENTAR
< Die FLA bezieht alle Konfektionsbetriebe der  zulieferkette
< von Mitgliedsunternehmen mit ein und sieht die Verantwor-
< tung für die Umsetzung der Standards bei den Mitgliedsun-
< ternehmen. Die FLA stellt keine klare Forderung nach einem
< existenzsichernden Lohn, die Formulierung im Kodex der
< FLA bleibt sehr vage. Die FLA arbeitet bei der Verifizierung
< mit NGOs und lokalen Organisationen zusammen.
< www.fairlabor.org18
---
> „lieferkette ”on mitglied•„nterne“men
> k
> ontrolle
> einmal jä“rlic“ überprüfen die mitglied•„nterne“men die
> ein“alt„ng der standard•N die ergebni••e werden •tic“
> M
> probenartig d„rc“ die fla bei „nangekündigten vorM
> ort
> kon
> trollen in  z„•ammenarbeit mit ngo• „nd lokalen
>
>
> organi•ationen ”erifiziertN e• gibt ein be•c“werde•y•tem
> für arbeiterinnen „nd i“re vertreterinnenN
> k
> ommentar
> die fla bezie“t alle konfektion•betriebe der  z„lieferkette
> ”on mitglied•„nterne“men mit ein „nd •ie“t die verantworM
> t„ng für die um•etz„ng der standard• bei den mitglied•„nM
> terne“menN die fla •tellt keine klare forder„ng nac“ einem
> exi•tenz•ic“ernden lo“nL die form„lier„ng im kodex der
> fla bleibt •e“r ”ageN die fla arbeitet bei der verifizier„ng
> mit ngo• „nd lokalen organi•ationen z„•ammenN
> wwwNfairlaborNorg18
976,977c976,977
< Naturfasern aus kontrolliert biologischer
< Landwirtschaft bestehen, synthetische
---
> nat„rfa•ern a„• kontrolliert biologi•c“er
> landwirt•c“aft be•te“enL •ynt“eti•c“e
980c980
< Fasern nur in Ausnahmefällen
---
> fa•ern n„r in a„•na“mefällen
985c985
< in allen Verarbeitungsstufen
---
> in allen verarbeit„ng••t„fen
992,993c992,993
< S
< O
---
> s
> o
995,997c995,997
< IALE
<  K
< RITERIEN
---
> iale
>  k
> riterien
1002,1009c1002,1009
< K
< ONTROLLE
< In jeder Produktionsstufe wird die Einhaltung der Kriterien
< vor Ort von einem akkreditierten Prüfinstitut geprüft. Das
< IVN Best-Siegel ist für ein Jahr gültig.
< K
< OMMENTAR
< Der IVN Best Standard setzt die zurzeit höchsten
---
> k
> ontrolle
> in jeder prod„ktion••t„fe wird die ein“alt„ng der kriterien
> ”or ort ”on einem akkreditierten prüfin•tit„t geprüftN da•
> ivn be•tMsiegel i•t für ein ja“r gültigN
> k
> ommentar
> der ivn be•t standard •etzt die z„rzeit “öc“•ten
1012,1013c1012,1013
< ökologischen Standards. Die Kriterien berücksichtigen
< den Produktionsprozess von der Rohstoffgewinnung über
---
> ökologi•c“en standard•N die kriterien berück•ic“tigen
> den prod„ktion•proze•• ”on der ro“•toffgewinn„ng über
1015c1015
< Verarbeitung bis hin zum Transport. Die Einhaltung der
---
> verarbeit„ng bi• “in z„m tran•portN die ein“alt„ng der
1018,1022c1018,1022
< ökologischen Kriterien wird genau überprüft. Für die glaub-
< hafte Überprüfung der Einhaltung sozialer Kriterien wäre
< eine stärkere Einbindung von Gewerkschaften, NGOs und
< lokalen Organisationen erforderlich.
< www.naturtextil.de
---
> ökologi•c“en kriterien wird gena„ überprüftN für die gla„bM
> “afte Überprüf„ng der ein“alt„ng •ozialer kriterien wäre
> eine •tärkere einbind„ng ”on gewerk•c“aftenL ngo• „nd
> lokalen organi•ationen erforderlic“N
> wwwNnat„rtextilNde
1041,1048c1041,1048
< Grenzwerte oder gänzliches Verbot von gesundheits-
< schädlichen Stoffen im Endprodukt
< S
< O
< z
< IALE
<  K
< RITERIEN
---
> Grenzwerte oder gänzliches Verbot von gesundheitsM
> •c“ädlic“en stoffen im endprod„kt
> s
> o
> z
> iale
>  k
> riterien
1053,1056c1053,1056
< K
< ONTROLLE
< Textilverarbeitende Betriebe, von der Spinnerei bis zum
< Konfektionsbetrieb, können sich nach OEKO-TEX
---
> k
> ontrolle
> textil”erarbeitende betriebeL ”on der spinnerei bi• z„m
> konfektion•betriebL können •ic“ nac“ oekoMtex
1058c1058
<  1000
---
>  1PPP
1061,1062c1061,1062
< zertifizieren lassen, wenn mindestens 30% der Produkte,
< die sie produzieren, das OEKO-TEX
---
> zertifizieren la••enL wenn minde•ten• SPE der prod„kteL
> die •ie prod„zierenL da• oekoMtex
1064,1069c1064,1069
<  100 Siegel tragen.
< Eine Stärken/Schwächen Analyse im Betrieb wird ergänzt
< durch eine Vor-Ort-Kontrolle.
< K
< OMMENTAR
< Der Fokus liegt bei OEKO-TEX
---
>  1PP siegel tragenN
> eine stärkenOsc“wäc“en analy•e im betrieb wird ergänzt
> d„rc“ eine vorMortMkontrolleN
> k
> ommentar
> der fok„• liegt bei oekoMtex
1071,1072c1071,1072
<  1000 auf einzelnen Betrieben/
< Fabriken. Der Standard arbeitet an einer schrittweisen
---
>  1PPP a„f einzelnen betriebenO
> fabrikenN der standard arbeitet an einer •c“rittwei•en
1075,1076c1075,1076
< Verbesserung der Umweltverträglichkeit in der Produktion.
< Für die glaubhafte Überprüfung der Einhaltung sozialer
---
> verbe••er„ng der umwelt”erträglic“keit in der prod„ktionN
> für die gla„b“afte Überprüf„ng der ein“alt„ng •ozialer
1079,1080c1079,1080
< Kriterien wäre die Einbindung von Gewerkschaften, NGOs
< und lokalen Organisationen erforderlich.
---
> kriterien wäre die einbind„ng ”on gewerk•c“aftenL ngo•
> „nd lokalen organi•ationen erforderlic“N
1187,1188c1187,1188
< Gesetzlich vorgeschriebener Mindestlohn, kein existenz-
< sichernder Lohn
---
> Gesetzlich vorgeschriebener Mindestlohn, kein existenzM
> •ic“ernder lo“n
1191,1215c1191,1215
< K
< ONTROLLE
< Die Überprüfung der Standards in den  zulieferbetrieben der
< Mitgliedsunternehmen wird von akkreditierten Prünstituten
< im Rahmen eines Sozial-Audits durchgeführt. Nach dreiein-
< halb Jahren werden die Fortschritte überprüft. Es gibt keine
< externe Verizierung der Ergebnisse durch unabhängige
< Stellen. Nach fünfeinhalb Jahren müssen Mitgliedsunter-
< nehmen den Nachweis erbringen, dass zwei Drittel ihrer
<  zulieferbetriebe Fortschritte erzielt haben.
< K
< OMMENTAR
< Die BSCI ist eine reine Unternehmensinitiative ohne Vertretung
< von Gewerkschaften, NGOs und lokalen Organisationen.
< Nur direkte  zulieferbetriebe müssen auf die Einhaltung der
< Standards hin überprüft werden, dadurch wird nur ein Bruch
< -
< teil der meist komplexen Kette abgedeckt. Die Ergebnisse
< der Vor-Ort-Kontrollen sind wenig glaubwürdig, da Gewerk-
< schaften, NGOs und lokale Organisationen unzureichend
< eingebunden sind und AuditorInnen von denselben
< z
< uliefer-
< betrieben bezahlt werden, die sie überprüfen.
< www.bsci-intl.org14
---
> k
> ontrolle
> die Überprüf„ng der standard• in den  z„lieferbetrieben der
> mitglied•„nterne“men wird ”on akkreditierten prün•tit„ten
> im ra“men eine• sozialMa„dit• d„rc“gefü“rtN nac“ dreieinM
> “alb ja“ren werden die fort•c“ritte überprüftN e• gibt keine
> externe verizier„ng der ergebni••e d„rc“ „nab“ängige
> stellenN nac“ fünfein“alb ja“ren mü••en mitglied•„nterM
> ne“men den nac“wei• erbringenL da•• zwei drittel i“rer
>  z„lieferbetriebe fort•c“ritte erzielt “abenN
> k
> ommentar
> die bsci i•t eine reine unterne“men•initiati”e o“ne vertret„ng
> ”on gewerk•c“aftenL ngo• „nd lokalen organi•ationenN
> n„r direkte  z„lieferbetriebe mü••en a„f die ein“alt„ng der
> standard• “in überprüft werdenL dad„rc“ wird n„r ein br„c“
> M
> teil der mei•t komplexen kette abgedecktN die ergebni••e
> der vorMortMkontrollen •ind wenig gla„bwürdigL da gewerkM
> •c“aftenL ngo• „nd lokale organi•ationen „nz„reic“end
> eingeb„nden •ind „nd a„ditorinnen ”on den•elben
> z
> „lieferM
> betrieben beza“lt werdenL die •ie überprüfenN
> wwwNb•ciMintlNorg14
1234c1234
< Arbeitsplatz
---
> arbeit•platz
1241,1245c1241,1245
< K
< ONTROLLE
< Einmal jährlich überprüfen die Mitgliedsunternehmen die
< Einhaltung der Arbeitsstandards in ihren  zulieferbetrieben
< und berichten in einem Sozialbericht darüber. Alle drei
---
> k
> ontrolle
> einmal jä“rlic“ überprüfen die mitglied•„nterne“men die
> ein“alt„ng der arbeit••tandard• in i“ren  z„lieferbetrieben
> „nd beric“ten in einem sozialberic“t darüberN alle drei
1248c1248
< Jahre verifiziert die FWF die Ergebnisse. Dabei werden
---
> ja“re ”erifiziert die fwf die ergebni••eN dabei werden
1251,1260c1251,1260
< Gewerkschaften, NGOs und lokale Organisationen ein
< -
< gebunden. Die Sozialberichte sowie Audits werden auf
< der FWF-Webseite veröffentlicht.
< K
< OMMENTAR
< Die FWF bezieht alle Bereiche eines Mitgliedsunternehmens
< mit ein, um die Umsetzung der FWF-Standards zu erreichen.
< Die Managementsysteme müssen ebenso wie die Einkaufs-
< praktiken so ausgerichtet sein, dass die Umsetzung von
---
> gewerk•c“aftenL ngo• „nd lokale organi•ationen ein
> M
> geb„ndenN die sozialberic“te •owie a„dit• werden a„f
> der fwfMweb•eite ”eröffentlic“tN
> k
> ommentar
> die fwf bezie“t alle bereic“e eine• mitglied•„nterne“men•
> mit einL „m die um•etz„ng der fwfMstandard• z„ erreic“enN
> die management•y•teme mü••en eben•o wie die einka„f•M
> praktiken •o a„•geric“tet •einL da•• die um•etz„ng ”on
1263c1263
< Arbeitsstandards möglich ist.  Die FWF arbeitet bei der
---
> arbeit••tandard• möglic“ i•tN  die fwf arbeitet bei der
1266,1270c1266,1270
< Verifizierung eng mit Gewerkschaften, NGOs und lokalen
< Organisationen zusammen, was zu glaubwürdigen Über -
< prüfungsergebnissen führt. Sie verfolgt einen schrittweisen
< Ansatz und fordert kontinuierliche Verbesserungen.
< www.fairwear.org
---
> verifizier„ng eng mit gewerk•c“aftenL ngo• „nd lokalen
> organi•ationen z„•ammenL wa• z„ gla„bwürdigen Über M
> prüf„ng•ergebni••en fü“rtN sie ”erfolgt einen •c“rittwei•en
> an•atz „nd fordert kontin„ierlic“e verbe••er„ngenN
> wwwNfairwearNorg
1283c1283
< in Umstellung
---
> in um•tell„ng
1286,1287c1286,1287
< 5
<  Abstufungen (Benchmarks)
---
> U
>  ab•t„f„ngen Hbenc“mark•I
1292,1298c1292,1298
< Weiterverarbeitung
< S
< O
< z
< IALE
<  K
< RITERIEN
---
> weiter”erarbeit„ng
> s
> o
> z
> iale
>  k
> riterien
1304c1304
< SA8000, FLA, BSCI, WRAP
---
> saXPPPL flaL bsciL wrap
1306,1307c1306,1307
< Keine generelle Forderung nach einem existenzsichern-
< den Lohn (abhängig vom jeweiligen Standard)
---
> Keine generelle Forderung nach einem existenzsichernM
> den lo“n Hab“ängig ”om jeweiligen standardI
1312,1324c1312,1324
< K
< ONTROLLE
< MADE-BY führt keine eigenen Kontrollen durch. Die Überprü-
< fung der Einhaltung sozialer Kriterien obliegt den Initiativen,
< bei denen MADE-BY Unternehmen Mitglied sind. Einmal jähr-
< lich erstellt MADE-BY für jedes Mitgliedsunternehmen eine
< Art
< z
< eugnis (Score Card) für drei Bereiche aus: Anteil an Bio-
< baumwolle, Anteil an umweltfreundlichen Rohstoffen, Anteil
< an sozial zertizierten Produktionseinheiten in der Konfektion.
< K
< OMMENTAR
---
> k
> ontrolle
> madeMby fü“rt keine eigenen kontrollen d„rc“N die ÜberprüM
> f„ng der ein“alt„ng •ozialer kriterien obliegt den initiati”enL
> bei denen madeMby unterne“men mitglied •indN einmal jä“rM
> lic“ er•tellt madeMby für jede• mitglied•„nterne“men eine
> art
> z
> e„gni• Hscore cardI für drei bereic“e a„•Z anteil an bioM
> ba„mwolleL anteil an „mweltfre„ndlic“en ro“•toffenL anteil
> an •ozial zertizierten prod„ktion•ein“eiten in der konfektionN
> k
> ommentar
1342,1343c1342,1343
< Organisation evaluiert die Fortschritte von MADE-BY Unter-
< nehmen. Problematisch sind die Benchmarks für soziale
---
> organi•ation e”al„iert die fort•c“ritte ”on madeMby unterM
> ne“menN problemati•c“ •ind die benc“mark• für •oziale
1346,1349c1346,1349
< Kriterien, die auch auf sehr schwache Standards zurück
< -
< greifen, wie z.B. jene der BSCI.
< www.made-by.nl24
---
> kriterienL die a„c“ a„f •e“r •c“wac“e standard• z„rück
> M
> greifenL wie zNbN jene der bsciN
> wwwNmadeMbyNnl24
1359,1362c1359,1362
< OE 100 zertifizierte Produkte müssen min-
< destens 95% Biobaumwolle enthalten,
< kein Vermischen mit konventioneller
< Baumwolle erlaubt
---
> OE 100 zertifizierte Produkte müssen minM
> de•ten• YUE bioba„mwolle ent“altenL
> kein vermi•c“en mit kon”entioneller
> ba„mwolle erla„bt
1367c1367
< konventionellem auf Bio-Anbau erlaubt
---
> kon”entionellem a„f bioManba„ erla„bt
1370,1387c1370,1387
< K
< ONTROLLE
< Die
< z
< ertifizierung der Biobaumwolle erfolgt durch akkredi-
< tierte Prüfinstitute. Eine klare Kennzeichnung der Bio-
< Baumwolle während des gesamten Produktionsprozesses
< (Kontrolle des Warenflusses) sowie eine genaue Dokumen-
< tation aller Verarbeitungsschritte sind vorgeschrieben.
< K
< OMMENTAR
< Der OE 100 Standard garantiert die Verwendung von Bio-
< baumwolle sowie die Rückverfolgbarkeit und genaue
<
<
< Dokumentation der Weiterverarbeitung von Biobaumwolle.
< Sichergestellt wird jedoch nur der biologische Anbau von
< Baumwolle, für die weitere Verarbeitung werden keine
---
> k
> ontrolle
> die
> z
> ertifizier„ng der bioba„mwolle erfolgt d„rc“ akkrediM
> tierte prüfin•tit„teN eine klare kennzeic“n„ng der bioM
> ba„mwolle wä“rend de• ge•amten prod„ktion•proze••e•
> Hkontrolle de• warenfl„••e•I •owie eine gena„e dok„menM
> tation aller verarbeit„ng••c“ritte •ind ”orge•c“riebenN
> k
> ommentar
> der oe 1PP standard garantiert die verwend„ng ”on bioM
> ba„mwolle •owie die rück”erfolgbarkeit „nd gena„e
>
>
> dok„mentation der weiter”erarbeit„ng ”on bioba„mwolleN
> sic“erge•tellt wird jedoc“ n„r der biologi•c“e anba„ ”on
> ba„mwolleL für die weitere verarbeit„ng werden keine
1390c1390
< Umweltauflagen gemacht.
---
> umwelta„flagen gemac“tN