9c9,24
< Kontaktadressen
---
> Kontaktadressen Eine Initiative von Umweltstadträtin Ulli Sima
> 10. MÜLLBEHÄLTERN FÜR DIE GETRENNTE ABFALLSAMMLUNG IM BEREICH DER
> GASTRONOMIE (KÜCHE, BAR, BUFFET)
> Durch einfache Trennmaßnahmen lässt sich die Restmüllmenge in einem Restaurant oder einer Imbissstube
> um bis zu 50 % verringern. Auf Wunsch des Veranstalters kann die Entsorgung aller Fraktionen organisiert
> werden.
> TIPP: Stellen Sie die jeweiligen Trennbehälter am Ort des Anfalles der Abfallfraktion auf.
> Informieren Sie Ihre Gastronomen und das Personal.
>  Kontakt: MA 48, Tel: 01/ 58 817 - DW 96 166 (Stefan Horak)
> 11. MÜLLBEHÄLTERN FÜR DIE GETRENNTE ABFALLSAMMLUNG IM BESUCHERINNENBEREICH
> Getrennt gesammelte Abfälle können wieder verwertet werden. Für sortenrein getrennte Wertstoffe entfallen
> meist die Entsorgungskosten. Abfalltrennung zu Hause ist ganz selbstverständlich – wieso nicht auch auf der
> Veranstaltung?
> TIPP: Planen Sie die Aufstellung der Abfalltrennbehälter sorgfältig. Kennzeichnen Sie die
> Trennbehälter auffällig. Informieren Sie Ihre BesucherInnen darüber.
>  Kontakt: MA 48, Tel: 01/ 58 817 - DW 96 166 (Stefan Horak)
22c37,71
< 1020 Wien, Hollandstrasse 10/46
---
> 1020 Wien, Hollandstrasse 10/46Eine Initiative von Umweltstadträtin Ulli Sima
> II) Umweltfreundliche und biologische Produkte
> 12.VERWENDUNG VON MINDESTENS EINER SPEISE ODER EINES GETRÄNKES AUS
> BIOLOGISCHER PRODUKTION
> Kontrolliert biologische Lebensmittel tun nicht nur der Umwelt gut, sie tun uns allen gut. In ihrer Produktion ist
> der Einsatz von chemisch-synthetischen Dünge- und Pﬂanzenschutzmittel verboten. Außerdem garantieren sie
> eine gentechnikfreie Erzeugung. Bio-Produkte werden regelmäßig von unabhängigen Kontrollstellen nach den
> strengen gesetzlichen Auﬂagen überprüft und müssen eine entsprechende Kontrollnummer tragen. Zudem
> ﬁnden sich auf Bio-Lebensmittel auch oft leicht erkennbare Labels, wie etwa das AMA-Biozeichen. Österreich
> ist übrigens weltweit Spitzenreiter beim Anbau von biologischen Produkten.
> Produkte aus der Region kaufen heißt, mit der Jahreszeit gehen. Unabhängig von saisonalen Anbau-
> bedingungen ﬁndet sich bei uns auch im Winter die farbenfrohe Vielfalt aus weit entfernten Ländern. Die
> weiten Transporte haben ihren Preis, verursachen Lärmbelästigung und verschlechtern die Luftqualität. Obst
> und Gemüse werden unreif geerntet, damit sie lange Transporte überstehen, und das wirkt sich negativ auf
> den Geschmack aus. Transport ist nur mit Energieeinsatz möglich und fossile Energieträger setzen große
> Mengen des Treibhausgases CO
> 2
>  frei. Viele Gründe also, sich möglichst mit Produkten zu versorgen, die
> gerade Saison haben.
> „Freiwillig ohne Gentechnik“ – unter diesem Motto haben die Stadt Wien, die LGV Frischgemüse und die
> Wiener Landwirtschaftskammer im März 2005 eine Plattform gegründet, um das Wiener Obst und Gemüse
> auch künftig gentechnikfrei zu halten. Die beigetretenen LandwirtInnen verpﬂichten sich mit ihrer Unter-
> schrift der „Wiener Deklaration“ zu einem freiwilligen Verzicht auf gentechnisch verändertes Saatgut. Weiterer
> Vorteil ist das neue gemeinsame Logo „Freiwillig ohne Gentechnik“. Obst und Gemüse aus Wien sind von
> hoher Qualität und durch die kurzen Transportwege ist ihr Genuss auch ein aktiver Beitrag zu Umwelt- und
> Klimaschutz.
> TIPP: Achten Sie beim Einkauf von Bio-Produkten auf die Kontrollnummer bzw. das Bio-Label oder
> fragen Sie Ihren Lieferanten nach Produkten aus biologischer Produktion und Verarbeitung. Achten
> Sie zudem auf regionale Saisonprodukte und auf gentechnikfreie Produkte aus Wien.
> TIPP: Holen Sie sich entsprechende Informationen bei einer unabhängigen Beratungsinstitution,
> wie „die umweltberatung“, Linzer Strasse 16, 1140 Wien, Tel: 803 32 32, www.umweltberatung.at.
> Weitere Informationen zu „Freiwillig ohne Gentechnik“ ﬁnden Sie unter:
> www.wien.gv.at/umwelt/natuerlich/gentechnikfrei.html.
> Beispiele für Bio-Label:
> EU-Bio LogoAMA-BiozeichenBIO AUSTRIA
52c101,120
< becher natuerlichwien.at, Tel: 01/ 4000 - DW 81145, www.natuerlich.wien.at
---
> becher natuerlichwien.at, Tel: 01/ 4000 - DW 81145, www.natuerlich.wien.atEine Initiative von Umweltstadträtin Ulli Sima
> 13. VERWENDUNG VON MINDESTENS EINEM PRODUKT MIT ÖSTERREICHISCHEN UMWELTZEI-
> CHEN ODER AUS FAIREM HANDEL
> Das ist fair: FAIRTRADE – ein anderer Weg: ProduzentInnen erhalten für die Rohstoffe faire Preise, unabhängig
> von den Weltmarktpreisen. Die KonsumentInnen erhalten geschmackvolle, qualitativ hochwertige Lebensmit-
> tel. Diese kommen auf kontrolliertem Weg von den so genannten Entwicklungsländern direkt nach Europa
> – mit Ursprungsgarantie. Erkennbar sind Produkte wie Kaffee, Tee, verschiedene Säfte anhand des FAIRTRA-
> DE Siegels.
> Das Österreichische Umweltzeichen ist Garant für umweltfreundliche Produkte und Dienstleistungen. Produk-
> te mit dem Umweltzeichen müssen eine Reihe von Umweltkriterien erfüllen und der en Einhaltung durch ein
> unabhängiges Gutachten nachweisen. Auch Tourismusbetriebe können dieses Umweltzeichen tragen. Die
> Zeichenträger verwenden vorrangig Lebensmittel aus biologischer Landwirtschaft und saisonale Pr odukte von
> regionalen Anbietern.
> TIPP: Achten Sie beim Einkauf auf das FAIRTRADE Siegels bzw. auf Produkte mit dem Österreichi-
> schen Umweltzeichen.
>    Mehr Informationen unter:
> www.fairtrade.at, www.eza3welt.at (Onlinebestellung)
> www.umweltzeichen.at – Hier ﬁnden Sie neben Umweltzeichenprodukten auch
> Umweltzeichen-Tourismusbetriebe und -caterer.
> FAIRTRADE SiegelÖsterreichisches Umweltzeichen
90,189c158
< bzw. ofﬁce@lgv.at
< Eine Initiative von Umweltstadträtin Ulli Sima
< 6. EINSATZ VON GROßGEBINDEN ANSTATT VON PORTIONSWEISEN VERPACKUNGEN (Z.B. FÜR
< ZUCKER, MILCH, SENF, KETSCHUP, ETC.)
< Der Umwelt und dem Gast zuliebe kann auf Senf, Butter, Majonäse, Kaffeeobers, Zucker in Portionsver-
< packungen verzichten werden.
< TIPP: Achten Sie beim Einkauf / bei Ihrer Bestellung auf Waren in Großgebinden, die ein optimales
< Handling garantieren.
< 7. VERWENDUNG VON WIEDER VERWENDBAREN BÜHNEN, STÄNDEN,
< DEKORATIONSMATERIALIEN
< Eine Wiederverwendung von Bühnen, Ständen und Dekorationsmaterialien spart nicht nur Geld beim
< Neueinkauf und bei der Entsorgung, sondern vermeidet auch Abfälle.
< TIPP: Bei Bühnen und Ständen gibt es praktische Stecksysteme. Damit können Sie Ihr e Aufbauten
< an jede Anforderung optimal anpassen. Fragen Sie Ihren Lieferanten nach entsprechenden Systemen
< oder nutzen Sie die Erfahrungen eines Wiener ÖkoBusinessPlan Betriebes.
<   Kontakt: Erich Kulicska, Tel: +43(0)1 710 86 00; erich@eventtechnik.com; Event Technik
< GmbH; www.eventtechnik.com
< 8. INANSPRUCHNAHME VON VERLEIH-/ MIETDIENSTEN (TISCHE, BÜHNE, TECHNIK,
< GASTRONOMIE, ETC....)
< Wollen Sie nicht kaufen, sondern mieten, so ist die Nutzung von Verleih- bzw. Mietdiensten sehr zu empfehlen.
< TIPP: Nutzen Sie das Angebot des Wiener Verleihführers.
<  Mehr Informationen unter: www.wien.gv.at/ma48/altabergut.htm
< 9. VERMEIDUNG DER VERTEILUNG VON PROSPEKTEN ODER ANDEREN INFORMATIONS-
< BROSCHÜREN WÄHREND DER VERANSTALTUNG
< Sehr oft wird das intensive Verteilen von Werbematerial von den Gästen als störend empfunden. Im Veranstal-
< tungsbereich weggeworfene Prospekte stören das Ambiente und erhöhen die Abfallberge.
< TIPP: Nutzen Sie andere Informationsmöglichkeiten (Aufdrucke auf Mehrwegbecher, T-Shirts für
< Personal, Informationstafeln etc.). Informieren Sie frühzeitig Ihre Partner, Sponsoren etc.
< Eine Initiative von Umweltstadträtin Ulli Sima
< 10. MÜLLBEHÄLTERN FÜR DIE GETRENNTE ABFALLSAMMLUNG IM BEREICH DER
< GASTRONOMIE (KÜCHE, BAR, BUFFET)
< Durch einfache Trennmaßnahmen lässt sich die Restmüllmenge in einem Restaurant oder einer Imbissstube
< um bis zu 50 % verringern. Auf Wunsch des Veranstalters kann die Entsorgung aller Fraktionen organisiert
< werden.
< TIPP: Stellen Sie die jeweiligen Trennbehälter am Ort des Anfalles der Abfallfraktion auf.
< Informieren Sie Ihre Gastronomen und das Personal.
<  Kontakt: MA 48, Tel: 01/ 58 817 - DW 96 166 (Stefan Horak)
< 11. MÜLLBEHÄLTERN FÜR DIE GETRENNTE ABFALLSAMMLUNG IM BESUCHERINNENBEREICH
< Getrennt gesammelte Abfälle können wieder verwertet werden. Für sortenrein getrennte Wertstoffe entfallen
< meist die Entsorgungskosten. Abfalltrennung zu Hause ist ganz selbstverständlich – wieso nicht auch auf der
< Veranstaltung?
< TIPP: Planen Sie die Aufstellung der Abfalltrennbehälter sorgfältig. Kennzeichnen Sie die
< Trennbehälter auffällig. Informieren Sie Ihre BesucherInnen darüber.
<  Kontakt: MA 48, Tel: 01/ 58 817 - DW 96 166 (Stefan Horak)
< Eine Initiative von Umweltstadträtin Ulli Sima
< II) Umweltfreundliche und biologische Produkte
< 12.VERWENDUNG VON MINDESTENS EINER SPEISE ODER EINES GETRÄNKES AUS
< BIOLOGISCHER PRODUKTION
< Kontrolliert biologische Lebensmittel tun nicht nur der Umwelt gut, sie tun uns allen gut. In ihrer Produktion ist
< der Einsatz von chemisch-synthetischen Dünge- und Pﬂanzenschutzmittel verboten. Außerdem garantieren sie
< eine gentechnikfreie Erzeugung. Bio-Produkte werden regelmäßig von unabhängigen Kontrollstellen nach den
< strengen gesetzlichen Auﬂagen überprüft und müssen eine entsprechende Kontrollnummer tragen. Zudem
< ﬁnden sich auf Bio-Lebensmittel auch oft leicht erkennbare Labels, wie etwa das AMA-Biozeichen. Österreich
< ist übrigens weltweit Spitzenreiter beim Anbau von biologischen Produkten.
< Produkte aus der Region kaufen heißt, mit der Jahreszeit gehen. Unabhängig von saisonalen Anbau-
< bedingungen ﬁndet sich bei uns auch im Winter die farbenfrohe Vielfalt aus weit entfernten Ländern. Die
< weiten Transporte haben ihren Preis, verursachen Lärmbelästigung und verschlechtern die Luftqualität. Obst
< und Gemüse werden unreif geerntet, damit sie lange Transporte überstehen, und das wirkt sich negativ auf
< den Geschmack aus. Transport ist nur mit Energieeinsatz möglich und fossile Energieträger setzen große
< Mengen des Treibhausgases CO
< 2
<  frei. Viele Gründe also, sich möglichst mit Produkten zu versorgen, die
< gerade Saison haben.
< „Freiwillig ohne Gentechnik“ – unter diesem Motto haben die Stadt Wien, die LGV Frischgemüse und die
< Wiener Landwirtschaftskammer im März 2005 eine Plattform gegründet, um das Wiener Obst und Gemüse
< auch künftig gentechnikfrei zu halten. Die beigetretenen LandwirtInnen verpﬂichten sich mit ihrer Unter-
< schrift der „Wiener Deklaration“ zu einem freiwilligen Verzicht auf gentechnisch verändertes Saatgut. Weiterer
< Vorteil ist das neue gemeinsame Logo „Freiwillig ohne Gentechnik“. Obst und Gemüse aus Wien sind von
< hoher Qualität und durch die kurzen Transportwege ist ihr Genuss auch ein aktiver Beitrag zu Umwelt- und
< Klimaschutz.
< TIPP: Achten Sie beim Einkauf von Bio-Produkten auf die Kontrollnummer bzw. das Bio-Label oder
< fragen Sie Ihren Lieferanten nach Produkten aus biologischer Produktion und Verarbeitung. Achten
< Sie zudem auf regionale Saisonprodukte und auf gentechnikfreie Produkte aus Wien.
< TIPP: Holen Sie sich entsprechende Informationen bei einer unabhängigen Beratungsinstitution,
< wie „die umweltberatung“, Linzer Strasse 16, 1140 Wien, Tel: 803 32 32, www.umweltberatung.at.
< Weitere Informationen zu „Freiwillig ohne Gentechnik“ ﬁnden Sie unter:
< www.wien.gv.at/umwelt/natuerlich/gentechnikfrei.html.
< Beispiele für Bio-Label:
< EU-Bio LogoAMA-BiozeichenBIO AUSTRIA
< Eine Initiative von Umweltstadträtin Ulli Sima
< 13. VERWENDUNG VON MINDESTENS EINEM PRODUKT MIT ÖSTERREICHISCHEN UMWELTZEI-
< CHEN ODER AUS FAIREM HANDEL
< Das ist fair: FAIRTRADE – ein anderer Weg: ProduzentInnen erhalten für die Rohstoffe faire Preise, unabhängig
< von den Weltmarktpreisen. Die KonsumentInnen erhalten geschmackvolle, qualitativ hochwertige Lebensmit-
< tel. Diese kommen auf kontrolliertem Weg von den so genannten Entwicklungsländern direkt nach Europa
< – mit Ursprungsgarantie. Erkennbar sind Produkte wie Kaffee, Tee, verschiedene Säfte anhand des FAIRTRA-
< DE Siegels.
< Das Österreichische Umweltzeichen ist Garant für umweltfreundliche Produkte und Dienstleistungen. Produk-
< te mit dem Umweltzeichen müssen eine Reihe von Umweltkriterien erfüllen und der en Einhaltung durch ein
< unabhängiges Gutachten nachweisen. Auch Tourismusbetriebe können dieses Umweltzeichen tragen. Die
< Zeichenträger verwenden vorrangig Lebensmittel aus biologischer Landwirtschaft und saisonale Pr odukte von
< regionalen Anbietern.
< TIPP: Achten Sie beim Einkauf auf das FAIRTRADE Siegels bzw. auf Produkte mit dem Österreichi-
< schen Umweltzeichen.
<    Mehr Informationen unter:
< www.fairtrade.at, www.eza3welt.at (Onlinebestellung)
< www.umweltzeichen.at – Hier ﬁnden Sie neben Umweltzeichenprodukten auch
< Umweltzeichen-Tourismusbetriebe und -caterer.
< FAIRTRADE SiegelÖsterreichisches Umweltzeichen
< Eine Initiative von Umweltstadträtin Ulli Sima
---
> bzw. ofﬁce@lgv.atEine Initiative von Umweltstadträtin Ulli Sima
217a187,212
> 6. EINSATZ VON GROßGEBINDEN ANSTATT VON PORTIONSWEISEN VERPACKUNGEN (Z.B. FÜR
> ZUCKER, MILCH, SENF, KETSCHUP, ETC.)
> Der Umwelt und dem Gast zuliebe kann auf Senf, Butter, Majonäse, Kaffeeobers, Zucker in Portionsver-
> packungen verzichten werden.
> TIPP: Achten Sie beim Einkauf / bei Ihrer Bestellung auf Waren in Großgebinden, die ein optimales
> Handling garantieren.
> 7. VERWENDUNG VON WIEDER VERWENDBAREN BÜHNEN, STÄNDEN,
> DEKORATIONSMATERIALIEN
> Eine Wiederverwendung von Bühnen, Ständen und Dekorationsmaterialien spart nicht nur Geld beim
> Neueinkauf und bei der Entsorgung, sondern vermeidet auch Abfälle.
> TIPP: Bei Bühnen und Ständen gibt es praktische Stecksysteme. Damit können Sie Ihr e Aufbauten
> an jede Anforderung optimal anpassen. Fragen Sie Ihren Lieferanten nach entsprechenden Systemen
> oder nutzen Sie die Erfahrungen eines Wiener ÖkoBusinessPlan Betriebes.
>   Kontakt: Erich Kulicska, Tel: +43(0)1 710 86 00; erich@eventtechnik.com; Event Technik
> GmbH; www.eventtechnik.com
> 8. INANSPRUCHNAHME VON VERLEIH-/ MIETDIENSTEN (TISCHE, BÜHNE, TECHNIK,
> GASTRONOMIE, ETC....)
> Wollen Sie nicht kaufen, sondern mieten, so ist die Nutzung von Verleih- bzw. Mietdiensten sehr zu empfehlen.
> TIPP: Nutzen Sie das Angebot des Wiener Verleihführers.
>  Mehr Informationen unter: www.wien.gv.at/ma48/altabergut.htm
> 9. VERMEIDUNG DER VERTEILUNG VON PROSPEKTEN ODER ANDEREN INFORMATIONS-
> BROSCHÜREN WÄHREND DER VERANSTALTUNG
> Sehr oft wird das intensive Verteilen von Werbematerial von den Gästen als störend empfunden. Im Veranstal-
> tungsbereich weggeworfene Prospekte stören das Ambiente und erhöhen die Abfallberge.
> TIPP: Nutzen Sie andere Informationsmöglichkeiten (Aufdrucke auf Mehrwegbecher, T-Shirts für
> Personal, Informationstafeln etc.). Informieren Sie frühzeitig Ihre Partner, Sponsoren etc.Eine Initiative von Umweltstadträtin Ulli Sima