35c35
< 社名にあるとおり、私ども !"#$%&'()*+,&-./0#123 4567$!809:;<
---
> 社名にあるとおり、私ども  !"#$%&'()*+,&-./0#123 4567$!809:;<
53,54c53,54
< •ทา่ นสามารถสํารองทน[Unknown character : 0x00000000]ี ั[Unknown character : 0x00000000]งลว่ งหนา้ ไดอ้ ยา่ งนอ้ ย 6 ชว[Unknown character : 0x00000000]ั โมงและนานสดุ  11 เดอืนกอ่นวนัเดนิทาง ยกเวน้:
< - การเดนิ ทางภายในประเทศไทยและออกจากประเทศไทย ตอ้ งสํารองทน[Unknown character : 0x00000000]ี ั[Unknown character : 0x00000000]งกอ่ นการเดนิ ทาง
---
> •ทา่ นสามารถสํารองทนี ังลว่ งหนา้ ไดอ้ ยา่ งนอ้ ย 6 ชวั โมงและนานสดุ  11 เดอืนกอ่นวนัเดนิทาง ยกเวน้:
> - การเดนิ ทางภายในประเทศไทยและออกจากประเทศไทย ตอ้ งสํารองทนี ังกอ่ นการเดนิ ทาง
56,63c56,63
< 48 ชว[Unknown character : 0x00000000]ั โมง สําหรับชอ่ งทางการชําระเงนิ  ณ ตเู้อทเี อ็มของธนาคาร และ เคานเ์ ตอรเ์ ซอรว์ สิ
< 24 ชว[Unknown character : 0x00000000]ั โมง สําหรับชอ่ งทางการชําระเงนิ  ณ จดุ รับบรกิ ารชําระเงนิ
< •การบนิ ไทยอนุญาตใหผ้ โู้ ดยสารจํานวนมากทส[Unknown character : 0x00000000]ี ดุ  9 ทา่ นทําการสํารองทน[Unknown character : 0x00000000]ี ั[Unknown character : 0x00000000]งรว่ มกนั
< •เทย[Unknown character : 0x00000000]ี วบนิ ในเสน้ ทางถดั ไป จะถกู ยกเลกิ โดยอตั โนมัต ิ หากทา่ นไมแ่ จง้ ยกเลกิ ลว่ งหนา้ กอ่ นถงึ วนั เดนิ ทาง
< การเป็นนักดม[Unknown character : 0x00000000]ื ทใ[Unknown character : 0x00000000]ี ชไ้ ดแ้ ละเป็นมอื เซยี นอยา่ งแทจ้ รงิ นัน[Unknown character : 0x00000000]  ไมใ่ ชอ่ ยทู่ ค[Unknown character : 0x00000000]ี อทองแดงซดไวนไ์ ดเ้ป็นขวดๆ อยา่ ง
< หนา้ ตาเฉย หรอื ดม[Unknown character : 0x00000000]ื ไดเ้ป็นโอง่ ๆ โดยไมร่ จู้ ักเมา หรอื ซอ[Unknown character : 0x00000000]ื ไวนข์ วดทแ[Unknown character : 0x00000000]ี พงกวา่ ใครจนตกเป็นขา่ ว
< แทจ้ รงิ คนรักไวนท์ จ[Unknown character : 0x00000000]ี ะไดร้ บั การคารวะใหเ้ป็นจอมเมรัย หรอื เป็นผรู้แู้ จง้ เรอ[Unknown character : 0x00000000]ื งไวน ์ ก็คอื ผทู้ ด[Unknown character : 0x00000000]ี ม[Unknown character : 0x00000000]ื ไวนอ์ ยา่ งมศี ลิ ปะ
< รจู้ ักโอกาสแหง่ การดม[Unknown character : 0x00000000]ื  รจู้ กั แยกแยะกลน[Unknown character : 0x00000000]ิ รสของเมรัยในแตล่ ะขวดซง[Unknown character : 0x00000000]ึ มอี ยมู่ ากมาย
---
> 48 ชวั โมง สําหรับชอ่ งทางการชําระเงนิ  ณ ตเู้อทเี อ็มของธนาคาร และ เคานเ์ ตอรเ์ ซอรว์ สิ
> 24 ชวั โมง สําหรับชอ่ งทางการชําระเงนิ  ณ จดุ รับบรกิ ารชําระเงนิ
> •การบนิ ไทยอนุญาตใหผ้ โู้ ดยสารจํานวนมากทสี ดุ  9 ทา่ นทําการสํารองทนี ังรว่ มกนั
> •เทยี วบนิ ในเสน้ ทางถดั ไป จะถกู ยกเลกิ โดยอตั โนมัต ิ หากทา่ นไมแ่ จง้ ยกเลกิ ลว่ งหนา้ กอ่ นถงึ วนั เดนิ ทาง
> การเป็นนักดมื ทใี ชไ้ ดแ้ ละเป็นมอื เซยี นอยา่ งแทจ้ รงิ นัน  ไมใ่ ชอ่ ยทู่ คี อทองแดงซดไวนไ์ ดเ้ป็นขวดๆ อยา่ ง
> หนา้ ตาเฉย หรอื ดมื ไดเ้ป็นโอง่ ๆ โดยไมร่ จู้ ักเมา หรอื ซอื ไวนข์ วดทแี พงกวา่ ใครจนตกเป็นขา่ ว
> แทจ้ รงิ คนรักไวนท์ จี ะไดร้ บั การคารวะใหเ้ป็นจอมเมรัย หรอื เป็นผรู้แู้ จง้ เรอื งไวน ์ ก็คอื ผทู้ ดี มื ไวนอ์ ยา่ งมศี ลิ ปะ
> รจู้ ักโอกาสแหง่ การดมื  รจู้ กั แยกแยะกลนิ รสของเมรัยในแตล่ ะขวดซงึ มอี ยมู่ ากมาย